2026-08-17 00:10:03.370 +04:00 [WRN] Entity 'Story' has a global query filter defined and is the required end of a relationship with the entity 'Chapter'. This may lead to unexpected results when the required entity is filtered out. Either configure the navigation as optional, or define matching query filters for both entities in the navigation. See https://go.microsoft.com/fwlink/?linkid=2131316 for more information.
2026-08-17 00:10:03.403 +04:00 [WRN] Entity 'Story' has a global query filter defined and is the required end of a relationship with the entity 'DailyStoryReadLog'. This may lead to unexpected results when the required entity is filtered out. Either configure the navigation as optional, or define matching query filters for both entities in the navigation. See https://go.microsoft.com/fwlink/?linkid=2131316 for more information.
2026-08-17 00:10:03.406 +04:00 [WRN] Entity 'Story' has a global query filter defined and is the required end of a relationship with the entity 'FavoriteStory'. This may lead to unexpected results when the required entity is filtered out. Either configure the navigation as optional, or define matching query filters for both entities in the navigation. See https://go.microsoft.com/fwlink/?linkid=2131316 for more information.
2026-08-17 00:10:03.409 +04:00 [WRN] Entity 'Story' has a global query filter defined and is the required end of a relationship with the entity 'QuizAttempt'. This may lead to unexpected results when the required entity is filtered out. Either configure the navigation as optional, or define matching query filters for both entities in the navigation. See https://go.microsoft.com/fwlink/?linkid=2131316 for more information.
2026-08-17 00:10:03.410 +04:00 [WRN] Entity 'Story' has a global query filter defined and is the required end of a relationship with the entity 'ReadingHistory'. This may lead to unexpected results when the required entity is filtered out. Either configure the navigation as optional, or define matching query filters for both entities in the navigation. See https://go.microsoft.com/fwlink/?linkid=2131316 for more information.
2026-08-17 00:10:03.413 +04:00 [WRN] Entity 'Story' has a global query filter defined and is the required end of a relationship with the entity 'RemainingCorrectCounter'. This may lead to unexpected results when the required entity is filtered out. Either configure the navigation as optional, or define matching query filters for both entities in the navigation. See https://go.microsoft.com/fwlink/?linkid=2131316 for more information.
2026-08-17 00:10:03.414 +04:00 [WRN] Entity 'Story' has a global query filter defined and is the required end of a relationship with the entity 'Review'. This may lead to unexpected results when the required entity is filtered out. Either configure the navigation as optional, or define matching query filters for both entities in the navigation. See https://go.microsoft.com/fwlink/?linkid=2131316 for more information.
2026-08-17 00:10:03.416 +04:00 [WRN] Entity 'Story' has a global query filter defined and is the required end of a relationship with the entity 'UserProgress'. This may lead to unexpected results when the required entity is filtered out. Either configure the navigation as optional, or define matching query filters for both entities in the navigation. See https://go.microsoft.com/fwlink/?linkid=2131316 for more information.
2026-08-17 00:10:05.659 +04:00 [INF] Database seeding completed successfully.
2026-08-17 00:10:06.991 +04:00 [INF] GET /swagger responded 301 in 2ms (user: anonymous)
2026-08-17 00:10:07.040 +04:00 [INF] GET /swagger/index.html responded 200 in 33ms (user: anonymous)
2026-08-17 00:10:07.054 +04:00 [INF] GET /swagger/swagger-ui.css responded 200 in 9ms (user: anonymous)
2026-08-17 00:10:07.054 +04:00 [INF] GET /swagger/swagger-ui-standalone-preset.js responded 200 in 9ms (user: anonymous)
2026-08-17 00:10:07.062 +04:00 [INF] GET /swagger/swagger-ui-bundle.js responded 200 in 17ms (user: anonymous)
2026-08-17 00:10:07.331 +04:00 [INF] GET /swagger/v1/swagger.json responded 200 in 23ms (user: anonymous)
2026-08-17 00:11:09.816 +04:00 [INF] OPTIONS /api/v1/auth/refresh-token responded 204 in 0ms (user: anonymous)
2026-08-17 00:11:09.875 +04:00 [INF] POST /api/v1/auth/refresh-token responded 200 in 49ms (user: anonymous)
2026-08-17 00:11:09.890 +04:00 [ERR] Unhandled exception on /api/v1/auth/refresh-token
System.ArgumentNullException: IDX10000: The parameter 'token' cannot be a 'null' or an empty object.  (Parameter 'token')
   at System.IdentityModel.Tokens.Jwt.JwtSecurityTokenHandler.ValidateToken(String token, TokenValidationParameters validationParameters, SecurityToken& validatedToken)
   at EnglishLearningPlatform.Infrastructure.Identity.JwtTokenService.GetPrincipalFromExpiredToken(String token) in C:\Users\Ravan999\Desktop\Aygun-Final\Final-Project-ReadLingo-Back\EnglishLearningPlatform.Infrastructure\Identity\JwtTokenService .cs:line 72
   at EnglishLearningPlatform.Application.Services.AuthService.RefreshTokenAsync(RefreshTokenRequestDto dto, String ipAddress, CancellationToken cancellationToken) in C:\Users\Ravan999\Desktop\Aygun-Final\Final-Project-ReadLingo-Back\EnglishLearningPlatform.Application\Services\AuthService .cs:line 91
   at EnglishLearningPlatform.API.Controllers.V1.AuthController.RefreshToken(RefreshTokenRequestDto dto, CancellationToken cancellationToken) in C:\Users\Ravan999\Desktop\Aygun-Final\Final-Project-ReadLingo-Back\EnglishLearningPlatform.API\Controllers\V1\AuthController.cs:line 47
   at Microsoft.AspNetCore.Mvc.Infrastructure.ActionMethodExecutor.TaskOfIActionResultExecutor.Execute(ActionContext actionContext, IActionResultTypeMapper mapper, ObjectMethodExecutor executor, Object controller, Object[] arguments)
   at Microsoft.AspNetCore.Mvc.Infrastructure.ControllerActionInvoker.<InvokeActionMethodAsync>g__Awaited|12_0(ControllerActionInvoker invoker, ValueTask`1 actionResultValueTask)
   at Microsoft.AspNetCore.Mvc.Infrastructure.ControllerActionInvoker.<InvokeNextActionFilterAsync>g__Awaited|10_0(ControllerActionInvoker invoker, Task lastTask, State next, Scope scope, Object state, Boolean isCompleted)
   at Microsoft.AspNetCore.Mvc.Infrastructure.ControllerActionInvoker.Rethrow(ActionExecutedContextSealed context)
   at Microsoft.AspNetCore.Mvc.Infrastructure.ControllerActionInvoker.Next(State& next, Scope& scope, Object& state, Boolean& isCompleted)
   at Microsoft.AspNetCore.Mvc.Infrastructure.ControllerActionInvoker.InvokeInnerFilterAsync()
--- End of stack trace from previous location ---
   at Microsoft.AspNetCore.Mvc.Infrastructure.ResourceInvoker.<InvokeFilterPipelineAsync>g__Awaited|20_0(ResourceInvoker invoker, Task lastTask, State next, Scope scope, Object state, Boolean isCompleted)
   at Microsoft.AspNetCore.Mvc.Infrastructure.ResourceInvoker.<InvokeAsync>g__Awaited|17_0(ResourceInvoker invoker, Task task, IDisposable scope)
   at Microsoft.AspNetCore.Mvc.Infrastructure.ResourceInvoker.<InvokeAsync>g__Awaited|17_0(ResourceInvoker invoker, Task task, IDisposable scope)
   at Microsoft.AspNetCore.Authorization.AuthorizationMiddleware.Invoke(HttpContext context)
   at Microsoft.AspNetCore.Authentication.AuthenticationMiddleware.Invoke(HttpContext context)
   at Microsoft.AspNetCore.RateLimiting.RateLimitingMiddleware.InvokeInternal(HttpContext context, EnableRateLimitingAttribute enableRateLimitingAttribute)
   at Swashbuckle.AspNetCore.SwaggerUI.SwaggerUIMiddleware.Invoke(HttpContext httpContext)
   at Swashbuckle.AspNetCore.Swagger.SwaggerMiddleware.Invoke(HttpContext httpContext, ISwaggerProvider swaggerProvider)
   at EnglishLearningPlatform.API.Middlewares.RequestLoggingMiddleware.InvokeAsync(HttpContext context) in C:\Users\Ravan999\Desktop\Aygun-Final\Final-Project-ReadLingo-Back\EnglishLearningPlatform.API\Middlewares\RequestLoggingMiddleware.cs:line 24
   at EnglishLearningPlatform.API.Middlewares.ExceptionHandlingMiddleware.InvokeAsync(HttpContext context) in C:\Users\Ravan999\Desktop\Aygun-Final\Final-Project-ReadLingo-Back\EnglishLearningPlatform.API\Middlewares\ExceptionHandlingMiddleware.cs:line 27
2026-08-17 00:11:17.635 +04:00 [INF] OPTIONS /api/v1/auth/login responded 204 in 0ms (user: anonymous)
2026-08-17 00:11:17.711 +04:00 [INF] POST /api/v1/auth/login responded 400 in 71ms (user: anonymous)
2026-08-17 00:11:35.276 +04:00 [INF] OPTIONS /api/v1/auth/login responded 204 in 0ms (user: anonymous)
2026-08-17 00:11:35.511 +04:00 [INF] POST /api/v1/auth/login responded 200 in 229ms (user: anonymous)
2026-08-17 00:11:35.537 +04:00 [INF] OPTIONS /api/v1/profile responded 204 in 0ms (user: anonymous)
2026-08-17 00:11:35.540 +04:00 [INF] OPTIONS /api/v1/profile responded 204 in 0ms (user: anonymous)
2026-08-17 00:11:35.540 +04:00 [INF] OPTIONS /api/v1/stories responded 204 in 0ms (user: anonymous)
2026-08-17 00:11:35.540 +04:00 [INF] OPTIONS /api/v1/profile responded 204 in 0ms (user: anonymous)
2026-08-17 00:11:35.540 +04:00 [INF] OPTIONS /api/v1/profile responded 204 in 0ms (user: anonymous)
2026-08-17 00:11:35.540 +04:00 [INF] OPTIONS /api/v1/stories responded 204 in 0ms (user: anonymous)
2026-08-17 00:11:35.717 +04:00 [WRN] Compiling a query which loads related collections for more than one collection navigation, either via 'Include' or through projection, but no 'QuerySplittingBehavior' has been configured. By default, Entity Framework will use 'QuerySplittingBehavior.SingleQuery', which can potentially result in slow query performance. See https://go.microsoft.com/fwlink/?linkid=2134277 for more information. To identify the query that's triggering this warning call 'ConfigureWarnings(w => w.Throw(RelationalEventId.MultipleCollectionIncludeWarning))'.
2026-08-17 00:11:35.766 +04:00 [INF] GET /api/v1/stories responded 200 in 216ms (user: anonymous)
2026-08-17 00:11:35.770 +04:00 [INF] GET /api/v1/stories responded 200 in 1ms (user: anonymous)
2026-08-17 00:11:35.805 +04:00 [INF] GET /api/v1/profile responded 200 in 264ms (user: anonymous)
2026-08-17 00:11:35.817 +04:00 [INF] GET /api/v1/profile responded 200 in 10ms (user: anonymous)
2026-08-17 00:11:35.824 +04:00 [INF] GET /uploads/profile-pictures/f7854795c420452884b8c1d60caec115.png responded 200 in 6ms (user: anonymous)
2026-08-17 00:11:35.827 +04:00 [INF] GET /api/v1/profile responded 200 in 7ms (user: anonymous)
2026-08-17 00:11:35.835 +04:00 [INF] GET /api/v1/profile responded 200 in 5ms (user: anonymous)
2026-08-17 00:11:35.853 +04:00 [INF] GET /uploads/story-covers/c0bc5126a8c84930a0ab6bc8e1fb5b1d.png responded 200 in 2ms (user: anonymous)
2026-08-17 00:11:35.853 +04:00 [INF] GET /uploads/story-covers/e362dbad11c44eb2adbfc21ac47c8c13.png responded 200 in 2ms (user: anonymous)
2026-08-17 00:11:35.853 +04:00 [INF] GET /uploads/story-covers/9115ea7c325b4aff948ba6955fb48166.png responded 200 in 2ms (user: anonymous)
2026-08-17 00:11:35.893 +04:00 [INF] GET /uploads/story-covers/dae6c25b60be4a36b63e4da2428cefc3.png responded 200 in 43ms (user: anonymous)
2026-08-17 00:11:44.781 +04:00 [INF] OPTIONS /api/v1/profile responded 204 in 0ms (user: anonymous)
2026-08-17 00:11:44.781 +04:00 [INF] OPTIONS /api/v1/stories responded 204 in 0ms (user: anonymous)
2026-08-17 00:11:44.781 +04:00 [INF] OPTIONS /api/v1/profile responded 204 in 0ms (user: anonymous)
2026-08-17 00:11:44.781 +04:00 [INF] OPTIONS /api/v1/story-categories responded 204 in 0ms (user: anonymous)
2026-08-17 00:11:44.781 +04:00 [INF] OPTIONS /api/v1/story-categories responded 204 in 0ms (user: anonymous)
2026-08-17 00:11:44.781 +04:00 [INF] OPTIONS /api/v1/stories responded 204 in 0ms (user: anonymous)
2026-08-17 00:11:44.793 +04:00 [INF] GET /api/v1/stories responded 200 in 5ms (user: anonymous)
2026-08-17 00:11:44.796 +04:00 [INF] GET /api/v1/profile responded 200 in 10ms (user: anonymous)
2026-08-17 00:11:44.799 +04:00 [INF] GET /api/v1/stories responded 200 in 0ms (user: anonymous)
2026-08-17 00:11:44.802 +04:00 [INF] GET /api/v1/profile responded 200 in 4ms (user: anonymous)
2026-08-17 00:11:44.827 +04:00 [INF] GET /api/v1/story-categories responded 200 in 32ms (user: anonymous)
2026-08-17 00:11:44.830 +04:00 [INF] GET /api/v1/story-categories responded 200 in 1ms (user: anonymous)
2026-08-17 00:11:47.220 +04:00 [INF] OPTIONS /api/v1/vocabularies responded 204 in 0ms (user: anonymous)
2026-08-17 00:11:47.220 +04:00 [INF] OPTIONS /api/v1/vocabularies responded 204 in 0ms (user: anonymous)
2026-08-17 00:11:47.226 +04:00 [INF] GET /api/v1/profile responded 200 in 6ms (user: anonymous)
2026-08-17 00:11:47.234 +04:00 [INF] GET /api/v1/profile responded 200 in 6ms (user: anonymous)
2026-08-17 00:11:47.279 +04:00 [INF] GET /api/v1/vocabularies responded 200 in 55ms (user: anonymous)
2026-08-17 00:11:47.286 +04:00 [INF] GET /api/v1/vocabularies responded 200 in 5ms (user: anonymous)
2026-08-17 00:11:47.315 +04:00 [INF] GET /api/v1/vocabularies responded 200 in 8ms (user: anonymous)
2026-08-17 00:11:47.332 +04:00 [INF] GET /api/v1/vocabularies responded 200 in 15ms (user: anonymous)
2026-08-17 00:11:57.903 +04:00 [INF] OPTIONS /api/v1/stories responded 204 in 0ms (user: anonymous)
2026-08-17 00:11:57.903 +04:00 [INF] OPTIONS /api/v1/profile responded 204 in 0ms (user: anonymous)
2026-08-17 00:11:57.903 +04:00 [INF] OPTIONS /api/v1/story-categories responded 204 in 0ms (user: anonymous)
2026-08-17 00:11:57.903 +04:00 [INF] OPTIONS /api/v1/profile responded 204 in 0ms (user: anonymous)
2026-08-17 00:11:57.903 +04:00 [INF] OPTIONS /api/v1/stories responded 204 in 0ms (user: anonymous)
2026-08-17 00:11:57.903 +04:00 [INF] OPTIONS /api/v1/story-categories responded 204 in 0ms (user: anonymous)
2026-08-17 00:11:57.908 +04:00 [INF] GET /api/v1/stories responded 200 in 1ms (user: anonymous)
2026-08-17 00:11:57.915 +04:00 [INF] GET /api/v1/story-categories responded 200 in 1ms (user: anonymous)
2026-08-17 00:11:57.918 +04:00 [INF] GET /api/v1/profile responded 200 in 7ms (user: anonymous)
2026-08-17 00:11:57.918 +04:00 [INF] GET /api/v1/stories responded 200 in 0ms (user: anonymous)
2026-08-17 00:11:57.920 +04:00 [INF] GET /api/v1/story-categories responded 200 in 0ms (user: anonymous)
2026-08-17 00:11:57.922 +04:00 [INF] GET /api/v1/profile responded 200 in 3ms (user: anonymous)
2026-08-17 00:11:58.826 +04:00 [INF] OPTIONS /api/v1/stories/ff71137a-c796-499b-9a8e-5cc111b19174 responded 204 in 0ms (user: anonymous)
2026-08-17 00:11:58.826 +04:00 [INF] OPTIONS /api/v1/stories/ff71137a-c796-499b-9a8e-5cc111b19174 responded 204 in 0ms (user: anonymous)
2026-08-17 00:11:58.832 +04:00 [INF] GET /api/v1/profile responded 200 in 6ms (user: anonymous)
2026-08-17 00:11:58.837 +04:00 [INF] GET /api/v1/profile responded 200 in 3ms (user: anonymous)
2026-08-17 00:11:58.884 +04:00 [INF] GET /api/v1/stories/ff71137a-c796-499b-9a8e-5cc111b19174 responded 200 in 52ms (user: anonymous)
2026-08-17 00:11:58.888 +04:00 [INF] GET /api/v1/stories/ff71137a-c796-499b-9a8e-5cc111b19174 responded 200 in 2ms (user: anonymous)
2026-08-17 00:12:04.596 +04:00 [INF] OPTIONS /api/v1/profile responded 204 in 0ms (user: anonymous)
2026-08-17 00:12:04.596 +04:00 [INF] OPTIONS /api/v1/stories/ff71137a-c796-499b-9a8e-5cc111b19174 responded 204 in 0ms (user: anonymous)
2026-08-17 00:12:04.596 +04:00 [INF] OPTIONS /api/v1/profile responded 204 in 0ms (user: anonymous)
2026-08-17 00:12:04.596 +04:00 [INF] OPTIONS /api/v1/profile responded 204 in 0ms (user: anonymous)
2026-08-17 00:12:04.596 +04:00 [INF] OPTIONS /api/v1/stories/ff71137a-c796-499b-9a8e-5cc111b19174 responded 204 in 0ms (user: anonymous)
2026-08-17 00:12:04.596 +04:00 [INF] OPTIONS /api/v1/profile responded 204 in 0ms (user: anonymous)
2026-08-17 00:12:04.608 +04:00 [INF] GET /api/v1/stories/ff71137a-c796-499b-9a8e-5cc111b19174 responded 200 in 3ms (user: anonymous)
2026-08-17 00:12:04.610 +04:00 [INF] GET /api/v1/profile responded 200 in 8ms (user: anonymous)
2026-08-17 00:12:04.615 +04:00 [INF] GET /api/v1/profile responded 200 in 3ms (user: anonymous)
2026-08-17 00:12:04.618 +04:00 [INF] GET /api/v1/stories/ff71137a-c796-499b-9a8e-5cc111b19174 responded 200 in 1ms (user: anonymous)
2026-08-17 00:12:04.619 +04:00 [INF] GET /api/v1/profile responded 200 in 2ms (user: anonymous)
2026-08-17 00:12:04.621 +04:00 [INF] GET /api/v1/profile responded 200 in 2ms (user: anonymous)
2026-08-17 00:12:04.623 +04:00 [INF] OPTIONS /api/v1/progress responded 204 in 0ms (user: anonymous)
2026-08-17 00:12:04.690 +04:00 [INF] POST /api/v1/progress responded 200 in 49ms (user: anonymous)
2026-08-17 00:12:04.690 +04:00 [INF] POST /api/v1/progress responded 200 in 50ms (user: anonymous)
2026-08-17 00:12:04.690 +04:00 [INF] POST /api/v1/progress responded 200 in 56ms (user: anonymous)
2026-08-17 00:12:04.690 +04:00 [INF] POST /api/v1/progress responded 200 in 36ms (user: anonymous)
2026-08-17 00:12:04.697 +04:00 [INF] OPTIONS /api/v1/progress/reading-history responded 204 in 0ms (user: anonymous)
2026-08-17 00:12:04.699 +04:00 [INF] OPTIONS /api/v1/progress/reading-history responded 204 in 0ms (user: anonymous)
2026-08-17 00:12:04.702 +04:00 [INF] OPTIONS /api/v1/progress/reading-history responded 204 in 0ms (user: anonymous)
2026-08-17 00:12:04.704 +04:00 [INF] OPTIONS /api/v1/progress/reading-history responded 204 in 0ms (user: anonymous)
2026-08-17 00:12:04.734 +04:00 [INF] POST /api/v1/progress/reading-history responded 200 in 20ms (user: anonymous)
2026-08-17 00:12:04.734 +04:00 [INF] POST /api/v1/progress/reading-history responded 200 in 28ms (user: anonymous)
2026-08-17 00:12:04.734 +04:00 [INF] POST /api/v1/progress/reading-history responded 200 in 22ms (user: anonymous)
2026-08-17 00:12:04.734 +04:00 [INF] POST /api/v1/progress/reading-history responded 200 in 26ms (user: anonymous)
2026-08-17 00:12:04.739 +04:00 [INF] OPTIONS /api/v1/progress/streak responded 204 in 0ms (user: anonymous)
2026-08-17 00:12:04.741 +04:00 [INF] OPTIONS /api/v1/progress/streak responded 204 in 0ms (user: anonymous)
2026-08-17 00:12:04.745 +04:00 [INF] OPTIONS /api/v1/progress/streak responded 204 in 0ms (user: anonymous)
2026-08-17 00:12:04.748 +04:00 [INF] OPTIONS /api/v1/progress/streak responded 204 in 0ms (user: anonymous)
2026-08-17 00:12:04.757 +04:00 [INF] GET /api/v1/progress/streak responded 200 in 7ms (user: anonymous)
2026-08-17 00:12:04.761 +04:00 [INF] GET /api/v1/progress/streak responded 200 in 3ms (user: anonymous)
2026-08-17 00:12:04.765 +04:00 [INF] GET /api/v1/progress/streak responded 200 in 2ms (user: anonymous)
2026-08-17 00:12:04.768 +04:00 [INF] GET /api/v1/progress/streak responded 200 in 2ms (user: anonymous)
2026-08-17 00:12:06.179 +04:00 [INF] OPTIONS /api/v1/translations/translate responded 204 in 0ms (user: anonymous)
2026-08-17 00:12:06.200 +04:00 [WRN] AI provider is not configured; returning a placeholder response.
2026-08-17 00:12:06.204 +04:00 [INF] POST /api/v1/translations/translate responded 400 in 20ms (user: anonymous)
2026-08-17 00:16:36.888 +04:00 [INF] OPTIONS /api/v1/progress responded 204 in 0ms (user: anonymous)
2026-08-17 00:16:36.888 +04:00 [INF] OPTIONS /api/v1/profile responded 204 in 0ms (user: anonymous)
2026-08-17 00:16:36.888 +04:00 [INF] OPTIONS /api/v1/profile responded 204 in 0ms (user: anonymous)
2026-08-17 00:16:36.888 +04:00 [INF] OPTIONS /api/v1/stories/ff71137a-c796-499b-9a8e-5cc111b19174 responded 204 in 0ms (user: anonymous)
2026-08-17 00:16:36.933 +04:00 [INF] GET /api/v1/stories/ff71137a-c796-499b-9a8e-5cc111b19174 responded 200 in 35ms (user: anonymous)
2026-08-17 00:16:36.946 +04:00 [INF] GET /api/v1/profile responded 200 in 52ms (user: anonymous)
2026-08-17 00:16:36.946 +04:00 [INF] POST /api/v1/progress responded 200 in 54ms (user: anonymous)
2026-08-17 00:16:36.950 +04:00 [INF] GET /api/v1/profile responded 200 in 2ms (user: anonymous)
2026-08-17 00:16:36.956 +04:00 [INF] POST /api/v1/progress responded 200 in 3ms (user: anonymous)
2026-08-17 00:16:37.000 +04:00 [INF] OPTIONS /api/v1/progress/reading-history responded 204 in 0ms (user: anonymous)
2026-08-17 00:16:37.002 +04:00 [INF] OPTIONS /api/v1/progress/reading-history responded 204 in 0ms (user: anonymous)
2026-08-17 00:16:37.005 +04:00 [INF] POST /api/v1/progress responded 200 in 5ms (user: anonymous)
2026-08-17 00:16:37.011 +04:00 [INF] POST /api/v1/progress/reading-history responded 200 in 5ms (user: anonymous)
2026-08-17 00:16:37.012 +04:00 [INF] POST /api/v1/progress/reading-history responded 200 in 4ms (user: anonymous)
2026-08-17 00:16:37.013 +04:00 [INF] POST /api/v1/progress/reading-history responded 200 in 2ms (user: anonymous)
2026-08-17 00:16:37.015 +04:00 [INF] OPTIONS /api/v1/progress/streak responded 204 in 0ms (user: anonymous)
2026-08-17 00:16:37.017 +04:00 [INF] OPTIONS /api/v1/progress/streak responded 204 in 0ms (user: anonymous)
2026-08-17 00:16:37.020 +04:00 [INF] OPTIONS /api/v1/progress/streak responded 204 in 0ms (user: anonymous)
2026-08-17 00:16:37.027 +04:00 [INF] GET /api/v1/progress/streak responded 200 in 6ms (user: anonymous)
2026-08-17 00:16:37.030 +04:00 [INF] GET /api/v1/progress/streak responded 200 in 2ms (user: anonymous)
2026-08-17 00:16:37.033 +04:00 [INF] GET /api/v1/progress/streak responded 200 in 1ms (user: anonymous)
2026-08-17 00:16:49.877 +04:00 [INF] OPTIONS /api/v1/stories/ff71137a-c796-499b-9a8e-5cc111b19174 responded 204 in 0ms (user: anonymous)
2026-08-17 00:16:49.877 +04:00 [INF] OPTIONS /api/v1/progress responded 204 in 0ms (user: anonymous)
2026-08-17 00:16:49.877 +04:00 [INF] OPTIONS /api/v1/profile responded 204 in 0ms (user: anonymous)
2026-08-17 00:16:49.889 +04:00 [INF] GET /api/v1/stories/ff71137a-c796-499b-9a8e-5cc111b19174 responded 200 in 2ms (user: anonymous)
2026-08-17 00:16:49.892 +04:00 [INF] POST /api/v1/progress responded 200 in 3ms (user: anonymous)
2026-08-17 00:16:49.892 +04:00 [INF] GET /api/v1/profile responded 200 in 2ms (user: anonymous)
2026-08-17 00:16:49.895 +04:00 [INF] OPTIONS /api/v1/progress/reading-history responded 204 in 0ms (user: anonymous)
2026-08-17 00:16:49.899 +04:00 [INF] POST /api/v1/progress responded 200 in 2ms (user: anonymous)
2026-08-17 00:16:49.901 +04:00 [INF] POST /api/v1/progress/reading-history responded 200 in 2ms (user: anonymous)
2026-08-17 00:16:49.919 +04:00 [INF] OPTIONS /api/v1/progress/streak responded 204 in 0ms (user: anonymous)
2026-08-17 00:16:49.921 +04:00 [INF] POST /api/v1/progress/reading-history responded 200 in 2ms (user: anonymous)
2026-08-17 00:16:49.921 +04:00 [INF] POST /api/v1/progress responded 200 in 4ms (user: anonymous)
2026-08-17 00:16:49.925 +04:00 [INF] GET /api/v1/progress/streak responded 200 in 2ms (user: anonymous)
2026-08-17 00:16:49.927 +04:00 [INF] GET /api/v1/progress/streak responded 200 in 2ms (user: anonymous)
2026-08-17 00:16:49.929 +04:00 [INF] POST /api/v1/progress/reading-history responded 200 in 1ms (user: anonymous)
2026-08-17 00:16:49.938 +04:00 [INF] GET /api/v1/progress/streak responded 200 in 3ms (user: anonymous)
2026-08-17 00:17:09.678 +04:00 [INF] OPTIONS /api/v1/profile responded 204 in 0ms (user: anonymous)
2026-08-17 00:17:09.678 +04:00 [INF] OPTIONS /api/v1/profile responded 204 in 0ms (user: anonymous)
2026-08-17 00:17:09.678 +04:00 [INF] OPTIONS /api/v1/stories/ff71137a-c796-499b-9a8e-5cc111b19174 responded 204 in 0ms (user: anonymous)
2026-08-17 00:17:09.678 +04:00 [INF] OPTIONS /api/v1/profile responded 204 in 0ms (user: anonymous)
2026-08-17 00:17:09.679 +04:00 [INF] OPTIONS /api/v1/stories/ff71137a-c796-499b-9a8e-5cc111b19174 responded 204 in 0ms (user: anonymous)
2026-08-17 00:17:09.680 +04:00 [INF] OPTIONS /api/v1/profile responded 204 in 0ms (user: anonymous)
2026-08-17 00:17:09.692 +04:00 [INF] GET /api/v1/profile responded 200 in 7ms (user: anonymous)
2026-08-17 00:17:09.705 +04:00 [INF] GET /api/v1/profile responded 200 in 10ms (user: anonymous)
2026-08-17 00:17:09.713 +04:00 [INF] GET /api/v1/profile responded 200 in 6ms (user: anonymous)
2026-08-17 00:17:09.714 +04:00 [INF] GET /api/v1/stories/ff71137a-c796-499b-9a8e-5cc111b19174 responded 200 in 22ms (user: anonymous)
2026-08-17 00:17:09.717 +04:00 [INF] GET /api/v1/stories/ff71137a-c796-499b-9a8e-5cc111b19174 responded 200 in 1ms (user: anonymous)
2026-08-17 00:17:09.721 +04:00 [INF] GET /api/v1/profile responded 200 in 6ms (user: anonymous)
2026-08-17 00:17:09.723 +04:00 [INF] OPTIONS /api/v1/progress responded 204 in 0ms (user: anonymous)
2026-08-17 00:17:09.732 +04:00 [INF] POST /api/v1/progress responded 200 in 4ms (user: anonymous)
2026-08-17 00:17:09.744 +04:00 [INF] POST /api/v1/progress responded 200 in 3ms (user: anonymous)
2026-08-17 00:17:09.749 +04:00 [INF] POST /api/v1/progress responded 200 in 3ms (user: anonymous)
2026-08-17 00:17:09.759 +04:00 [INF] OPTIONS /api/v1/progress/reading-history responded 204 in 0ms (user: anonymous)
2026-08-17 00:17:09.759 +04:00 [INF] OPTIONS /api/v1/progress/reading-history responded 204 in 0ms (user: anonymous)
2026-08-17 00:17:09.759 +04:00 [INF] OPTIONS /api/v1/progress/reading-history responded 204 in 0ms (user: anonymous)
2026-08-17 00:17:09.761 +04:00 [INF] POST /api/v1/progress responded 200 in 3ms (user: anonymous)
2026-08-17 00:17:09.765 +04:00 [INF] POST /api/v1/progress/reading-history responded 200 in 3ms (user: anonymous)
2026-08-17 00:17:09.766 +04:00 [INF] POST /api/v1/progress/reading-history responded 200 in 2ms (user: anonymous)
2026-08-17 00:17:09.771 +04:00 [INF] POST /api/v1/progress/reading-history responded 200 in 4ms (user: anonymous)
2026-08-17 00:17:09.772 +04:00 [INF] OPTIONS /api/v1/progress/streak responded 204 in 0ms (user: anonymous)
2026-08-17 00:17:09.773 +04:00 [INF] POST /api/v1/progress/reading-history responded 200 in 2ms (user: anonymous)
2026-08-17 00:17:09.774 +04:00 [INF] OPTIONS /api/v1/progress/streak responded 204 in 0ms (user: anonymous)
2026-08-17 00:17:09.776 +04:00 [INF] OPTIONS /api/v1/progress/streak responded 204 in 0ms (user: anonymous)
2026-08-17 00:17:09.781 +04:00 [INF] GET /api/v1/progress/streak responded 200 in 2ms (user: anonymous)
2026-08-17 00:17:09.787 +04:00 [INF] GET /api/v1/progress/streak responded 200 in 4ms (user: anonymous)
2026-08-17 00:17:09.790 +04:00 [INF] GET /api/v1/progress/streak responded 200 in 2ms (user: anonymous)
2026-08-17 00:17:09.791 +04:00 [INF] GET /api/v1/progress/streak responded 200 in 2ms (user: anonymous)
2026-08-17 00:17:12.284 +04:00 [INF] OPTIONS /api/v1/translations/translate responded 204 in 0ms (user: anonymous)
2026-08-17 00:17:12.291 +04:00 [WRN] AI provider is not configured; returning a placeholder response.
2026-08-17 00:17:12.292 +04:00 [INF] POST /api/v1/translations/translate responded 400 in 4ms (user: anonymous)
2026-08-17 00:17:18.051 +04:00 [INF] OPTIONS /api/v1/translations/translate responded 204 in 0ms (user: anonymous)
2026-08-17 00:17:18.057 +04:00 [WRN] AI provider is not configured; returning a placeholder response.
2026-08-17 00:17:18.058 +04:00 [INF] POST /api/v1/translations/translate responded 400 in 2ms (user: anonymous)
2026-08-17 00:17:49.046 +04:00 [INF] OPTIONS /api/v1/translations/translate responded 204 in 0ms (user: anonymous)
2026-08-17 00:17:49.055 +04:00 [WRN] AI provider is not configured; returning a placeholder response.
2026-08-17 00:17:49.056 +04:00 [INF] POST /api/v1/translations/translate responded 400 in 2ms (user: anonymous)
2026-08-17 00:19:32.870 +04:00 [INF] OPTIONS /api/v1/profile responded 204 in 0ms (user: anonymous)
2026-08-17 00:19:32.870 +04:00 [INF] OPTIONS /api/v1/profile responded 204 in 0ms (user: anonymous)
2026-08-17 00:19:32.870 +04:00 [INF] OPTIONS /api/v1/progress responded 204 in 0ms (user: anonymous)
2026-08-17 00:19:32.870 +04:00 [INF] OPTIONS /api/v1/stories/ff71137a-c796-499b-9a8e-5cc111b19174 responded 204 in 0ms (user: anonymous)
2026-08-17 00:19:32.879 +04:00 [INF] GET /api/v1/profile responded 200 in 3ms (user: anonymous)
2026-08-17 00:19:32.884 +04:00 [INF] GET /api/v1/profile responded 200 in 3ms (user: anonymous)
2026-08-17 00:19:32.885 +04:00 [INF] GET /api/v1/stories/ff71137a-c796-499b-9a8e-5cc111b19174 responded 200 in 1ms (user: anonymous)
2026-08-17 00:19:32.887 +04:00 [INF] POST /api/v1/progress responded 200 in 7ms (user: anonymous)
2026-08-17 00:19:32.894 +04:00 [INF] OPTIONS /api/v1/progress/reading-history responded 204 in 0ms (user: anonymous)
2026-08-17 00:19:32.900 +04:00 [INF] POST /api/v1/progress responded 200 in 6ms (user: anonymous)
2026-08-17 00:19:32.902 +04:00 [INF] POST /api/v1/progress/reading-history responded 200 in 3ms (user: anonymous)
2026-08-17 00:19:32.914 +04:00 [INF] OPTIONS /api/v1/progress/streak responded 204 in 0ms (user: anonymous)
2026-08-17 00:19:32.916 +04:00 [INF] POST /api/v1/progress/reading-history responded 200 in 2ms (user: anonymous)
2026-08-17 00:19:32.916 +04:00 [INF] POST /api/v1/progress responded 200 in 3ms (user: anonymous)
2026-08-17 00:19:32.919 +04:00 [INF] GET /api/v1/progress/streak responded 200 in 1ms (user: anonymous)
2026-08-17 00:19:32.923 +04:00 [INF] GET /api/v1/progress/streak responded 200 in 2ms (user: anonymous)
2026-08-17 00:19:32.924 +04:00 [INF] POST /api/v1/progress/reading-history responded 200 in 1ms (user: anonymous)
2026-08-17 00:19:32.931 +04:00 [INF] GET /api/v1/progress/streak responded 200 in 2ms (user: anonymous)
2026-08-17 00:19:38.868 +04:00 [INF] OPTIONS /api/v1/stories/ff71137a-c796-499b-9a8e-5cc111b19174 responded 204 in 0ms (user: anonymous)
2026-08-17 00:19:38.868 +04:00 [INF] OPTIONS /api/v1/progress responded 204 in 0ms (user: anonymous)
2026-08-17 00:19:38.868 +04:00 [INF] OPTIONS /api/v1/profile responded 204 in 0ms (user: anonymous)
2026-08-17 00:19:38.875 +04:00 [INF] GET /api/v1/stories/ff71137a-c796-499b-9a8e-5cc111b19174 responded 200 in 1ms (user: anonymous)
2026-08-17 00:19:38.881 +04:00 [INF] POST /api/v1/progress responded 200 in 5ms (user: anonymous)
2026-08-17 00:19:38.882 +04:00 [INF] GET /api/v1/profile responded 200 in 3ms (user: anonymous)
2026-08-17 00:19:38.885 +04:00 [INF] OPTIONS /api/v1/progress/reading-history responded 204 in 0ms (user: anonymous)
2026-08-17 00:19:38.889 +04:00 [INF] POST /api/v1/progress responded 200 in 2ms (user: anonymous)
2026-08-17 00:19:38.891 +04:00 [INF] POST /api/v1/progress/reading-history responded 200 in 1ms (user: anonymous)
2026-08-17 00:19:38.913 +04:00 [INF] OPTIONS /api/v1/progress/streak responded 204 in 0ms (user: anonymous)
2026-08-17 00:19:38.916 +04:00 [INF] POST /api/v1/progress/reading-history responded 200 in 3ms (user: anonymous)
2026-08-17 00:19:38.917 +04:00 [INF] POST /api/v1/progress responded 200 in 5ms (user: anonymous)
2026-08-17 00:19:38.921 +04:00 [INF] GET /api/v1/progress/streak responded 200 in 2ms (user: anonymous)
2026-08-17 00:19:38.927 +04:00 [INF] GET /api/v1/progress/streak responded 200 in 3ms (user: anonymous)
2026-08-17 00:19:38.928 +04:00 [INF] POST /api/v1/progress/reading-history responded 200 in 2ms (user: anonymous)
2026-08-17 00:19:38.937 +04:00 [INF] GET /api/v1/progress/streak responded 200 in 2ms (user: anonymous)
2026-08-17 00:20:33.535 +04:00 [INF] OPTIONS /api/v1/translations/translate responded 204 in 0ms (user: anonymous)
2026-08-17 00:20:33.543 +04:00 [WRN] AI provider is not configured; returning a placeholder response.
2026-08-17 00:20:33.548 +04:00 [INF] POST /api/v1/translations/translate responded 400 in 7ms (user: anonymous)
2026-08-17 00:20:51.969 +04:00 [INF] OPTIONS /api/v1/translations/translate responded 204 in 0ms (user: anonymous)
2026-08-17 00:20:51.973 +04:00 [WRN] AI provider is not configured; returning a placeholder response.
2026-08-17 00:20:51.975 +04:00 [INF] POST /api/v1/translations/translate responded 400 in 2ms (user: anonymous)
2026-08-17 00:21:02.669 +04:00 [INF] OPTIONS /api/v1/translations/translate responded 204 in 0ms (user: anonymous)
2026-08-17 00:21:02.673 +04:00 [WRN] AI provider is not configured; returning a placeholder response.
2026-08-17 00:21:02.674 +04:00 [INF] POST /api/v1/translations/translate responded 400 in 1ms (user: anonymous)
2026-08-17 00:21:10.892 +04:00 [INF] OPTIONS /api/v1/profile responded 204 in 0ms (user: anonymous)
2026-08-17 00:21:10.892 +04:00 [INF] OPTIONS /api/v1/profile responded 204 in 0ms (user: anonymous)
2026-08-17 00:21:10.892 +04:00 [INF] OPTIONS /api/v1/profile responded 204 in 0ms (user: anonymous)
2026-08-17 00:21:10.892 +04:00 [INF] OPTIONS /api/v1/profile responded 204 in 0ms (user: anonymous)
2026-08-17 00:21:10.900 +04:00 [INF] GET /api/v1/profile responded 200 in 3ms (user: anonymous)
2026-08-17 00:21:10.908 +04:00 [INF] GET /api/v1/profile responded 200 in 5ms (user: anonymous)
2026-08-17 00:21:10.913 +04:00 [INF] GET /api/v1/profile responded 200 in 4ms (user: anonymous)
2026-08-17 00:21:10.918 +04:00 [INF] GET /api/v1/profile responded 200 in 3ms (user: anonymous)
2026-08-17 00:21:20.953 +04:00 [INF] OPTIONS /api/v1/profile responded 204 in 0ms (user: anonymous)
2026-08-17 00:21:20.953 +04:00 [INF] OPTIONS /api/v1/stories/ff71137a-c796-499b-9a8e-5cc111b19174 responded 204 in 0ms (user: anonymous)
2026-08-17 00:21:20.953 +04:00 [INF] OPTIONS /api/v1/profile responded 204 in 0ms (user: anonymous)
2026-08-17 00:21:20.953 +04:00 [INF] OPTIONS /api/v1/profile responded 204 in 0ms (user: anonymous)
2026-08-17 00:21:20.953 +04:00 [INF] OPTIONS /api/v1/profile responded 204 in 0ms (user: anonymous)
2026-08-17 00:21:20.953 +04:00 [INF] OPTIONS /api/v1/stories/ff71137a-c796-499b-9a8e-5cc111b19174 responded 204 in 0ms (user: anonymous)
2026-08-17 00:21:20.959 +04:00 [INF] GET /api/v1/profile responded 200 in 2ms (user: anonymous)
2026-08-17 00:21:20.959 +04:00 [INF] GET /api/v1/stories/ff71137a-c796-499b-9a8e-5cc111b19174 responded 200 in 0ms (user: anonymous)
2026-08-17 00:21:20.965 +04:00 [INF] GET /api/v1/profile responded 200 in 4ms (user: anonymous)
2026-08-17 00:21:20.969 +04:00 [INF] GET /api/v1/stories/ff71137a-c796-499b-9a8e-5cc111b19174 responded 200 in 1ms (user: anonymous)
2026-08-17 00:21:20.970 +04:00 [INF] GET /api/v1/profile responded 200 in 4ms (user: anonymous)
2026-08-17 00:21:20.971 +04:00 [INF] GET /api/v1/profile responded 200 in 4ms (user: anonymous)
2026-08-17 00:21:20.981 +04:00 [INF] OPTIONS /api/v1/progress responded 204 in 0ms (user: anonymous)
2026-08-17 00:21:20.989 +04:00 [INF] POST /api/v1/progress responded 200 in 4ms (user: anonymous)
2026-08-17 00:21:20.993 +04:00 [INF] POST /api/v1/progress responded 200 in 2ms (user: anonymous)
2026-08-17 00:21:20.999 +04:00 [INF] POST /api/v1/progress responded 200 in 2ms (user: anonymous)
2026-08-17 00:21:21.006 +04:00 [INF] OPTIONS /api/v1/progress/reading-history responded 204 in 0ms (user: anonymous)
2026-08-17 00:21:21.006 +04:00 [INF] OPTIONS /api/v1/progress/reading-history responded 204 in 0ms (user: anonymous)
2026-08-17 00:21:21.006 +04:00 [INF] OPTIONS /api/v1/progress/reading-history responded 204 in 0ms (user: anonymous)
2026-08-17 00:21:21.006 +04:00 [INF] POST /api/v1/progress responded 200 in 3ms (user: anonymous)
2026-08-17 00:21:21.014 +04:00 [INF] POST /api/v1/progress/reading-history responded 200 in 5ms (user: anonymous)
2026-08-17 00:21:21.018 +04:00 [INF] POST /api/v1/progress/reading-history responded 200 in 4ms (user: anonymous)
2026-08-17 00:21:21.021 +04:00 [INF] OPTIONS /api/v1/progress/streak responded 204 in 0ms (user: anonymous)
2026-08-17 00:21:21.020 +04:00 [INF] POST /api/v1/progress/reading-history responded 200 in 3ms (user: anonymous)
2026-08-17 00:21:21.021 +04:00 [INF] POST /api/v1/progress/reading-history responded 200 in 2ms (user: anonymous)
2026-08-17 00:21:21.023 +04:00 [INF] OPTIONS /api/v1/progress/streak responded 204 in 0ms (user: anonymous)
2026-08-17 00:21:21.026 +04:00 [INF] GET /api/v1/progress/streak responded 200 in 1ms (user: anonymous)
2026-08-17 00:21:21.031 +04:00 [INF] GET /api/v1/progress/streak responded 200 in 2ms (user: anonymous)
2026-08-17 00:21:21.034 +04:00 [INF] GET /api/v1/progress/streak responded 200 in 1ms (user: anonymous)
2026-08-17 00:21:21.034 +04:00 [INF] GET /api/v1/progress/streak responded 200 in 2ms (user: anonymous)
2026-08-17 00:21:23.114 +04:00 [INF] OPTIONS /api/v1/translations/translate responded 204 in 0ms (user: anonymous)
2026-08-17 00:21:23.122 +04:00 [WRN] AI provider is not configured; returning a placeholder response.
2026-08-17 00:21:23.124 +04:00 [INF] POST /api/v1/translations/translate responded 400 in 3ms (user: anonymous)
2026-08-17 00:33:13.749 +04:00 [WRN] Entity 'Story' has a global query filter defined and is the required end of a relationship with the entity 'Chapter'. This may lead to unexpected results when the required entity is filtered out. Either configure the navigation as optional, or define matching query filters for both entities in the navigation. See https://go.microsoft.com/fwlink/?linkid=2131316 for more information.
2026-08-17 00:33:13.782 +04:00 [WRN] Entity 'Story' has a global query filter defined and is the required end of a relationship with the entity 'DailyStoryReadLog'. This may lead to unexpected results when the required entity is filtered out. Either configure the navigation as optional, or define matching query filters for both entities in the navigation. See https://go.microsoft.com/fwlink/?linkid=2131316 for more information.
2026-08-17 00:33:13.784 +04:00 [WRN] Entity 'Story' has a global query filter defined and is the required end of a relationship with the entity 'FavoriteStory'. This may lead to unexpected results when the required entity is filtered out. Either configure the navigation as optional, or define matching query filters for both entities in the navigation. See https://go.microsoft.com/fwlink/?linkid=2131316 for more information.
2026-08-17 00:33:13.785 +04:00 [WRN] Entity 'Story' has a global query filter defined and is the required end of a relationship with the entity 'QuizAttempt'. This may lead to unexpected results when the required entity is filtered out. Either configure the navigation as optional, or define matching query filters for both entities in the navigation. See https://go.microsoft.com/fwlink/?linkid=2131316 for more information.
2026-08-17 00:33:13.786 +04:00 [WRN] Entity 'Story' has a global query filter defined and is the required end of a relationship with the entity 'ReadingHistory'. This may lead to unexpected results when the required entity is filtered out. Either configure the navigation as optional, or define matching query filters for both entities in the navigation. See https://go.microsoft.com/fwlink/?linkid=2131316 for more information.
2026-08-17 00:33:13.787 +04:00 [WRN] Entity 'Story' has a global query filter defined and is the required end of a relationship with the entity 'RemainingCorrectCounter'. This may lead to unexpected results when the required entity is filtered out. Either configure the navigation as optional, or define matching query filters for both entities in the navigation. See https://go.microsoft.com/fwlink/?linkid=2131316 for more information.
2026-08-17 00:33:13.788 +04:00 [WRN] Entity 'Story' has a global query filter defined and is the required end of a relationship with the entity 'Review'. This may lead to unexpected results when the required entity is filtered out. Either configure the navigation as optional, or define matching query filters for both entities in the navigation. See https://go.microsoft.com/fwlink/?linkid=2131316 for more information.
2026-08-17 00:33:13.789 +04:00 [WRN] Entity 'Story' has a global query filter defined and is the required end of a relationship with the entity 'UserProgress'. This may lead to unexpected results when the required entity is filtered out. Either configure the navigation as optional, or define matching query filters for both entities in the navigation. See https://go.microsoft.com/fwlink/?linkid=2131316 for more information.
2026-08-17 00:33:15.089 +04:00 [INF] Database seeding completed successfully.
2026-08-17 00:33:16.246 +04:00 [INF] GET /swagger/index.html responded 200 in 37ms (user: anonymous)
2026-08-17 00:33:16.434 +04:00 [INF] GET /swagger/v1/swagger.json responded 200 in 29ms (user: anonymous)
2026-08-17 00:35:13.284 +04:00 [INF] OPTIONS /api/v1/auth/refresh-token responded 204 in 3ms (user: anonymous)
2026-08-17 00:35:13.406 +04:00 [INF] POST /api/v1/auth/refresh-token responded 200 in 103ms (user: anonymous)
2026-08-17 00:35:13.428 +04:00 [ERR] Unhandled exception on /api/v1/auth/refresh-token
System.ArgumentNullException: IDX10000: The parameter 'token' cannot be a 'null' or an empty object.  (Parameter 'token')
   at System.IdentityModel.Tokens.Jwt.JwtSecurityTokenHandler.ValidateToken(String token, TokenValidationParameters validationParameters, SecurityToken& validatedToken)
   at EnglishLearningPlatform.Infrastructure.Identity.JwtTokenService.GetPrincipalFromExpiredToken(String token) in C:\Users\Ravan999\Desktop\Aygun-Final\Final-Project-ReadLingo-Back\EnglishLearningPlatform.Infrastructure\Identity\JwtTokenService .cs:line 72
   at EnglishLearningPlatform.Application.Services.AuthService.RefreshTokenAsync(RefreshTokenRequestDto dto, String ipAddress, CancellationToken cancellationToken) in C:\Users\Ravan999\Desktop\Aygun-Final\Final-Project-ReadLingo-Back\EnglishLearningPlatform.Application\Services\AuthService .cs:line 91
   at EnglishLearningPlatform.API.Controllers.V1.AuthController.RefreshToken(RefreshTokenRequestDto dto, CancellationToken cancellationToken) in C:\Users\Ravan999\Desktop\Aygun-Final\Final-Project-ReadLingo-Back\EnglishLearningPlatform.API\Controllers\V1\AuthController.cs:line 47
   at Microsoft.AspNetCore.Mvc.Infrastructure.ActionMethodExecutor.TaskOfIActionResultExecutor.Execute(ActionContext actionContext, IActionResultTypeMapper mapper, ObjectMethodExecutor executor, Object controller, Object[] arguments)
   at Microsoft.AspNetCore.Mvc.Infrastructure.ControllerActionInvoker.<InvokeActionMethodAsync>g__Awaited|12_0(ControllerActionInvoker invoker, ValueTask`1 actionResultValueTask)
   at Microsoft.AspNetCore.Mvc.Infrastructure.ControllerActionInvoker.<InvokeNextActionFilterAsync>g__Awaited|10_0(ControllerActionInvoker invoker, Task lastTask, State next, Scope scope, Object state, Boolean isCompleted)
   at Microsoft.AspNetCore.Mvc.Infrastructure.ControllerActionInvoker.Rethrow(ActionExecutedContextSealed context)
   at Microsoft.AspNetCore.Mvc.Infrastructure.ControllerActionInvoker.Next(State& next, Scope& scope, Object& state, Boolean& isCompleted)
   at Microsoft.AspNetCore.Mvc.Infrastructure.ControllerActionInvoker.InvokeInnerFilterAsync()
--- End of stack trace from previous location ---
   at Microsoft.AspNetCore.Mvc.Infrastructure.ResourceInvoker.<InvokeFilterPipelineAsync>g__Awaited|20_0(ResourceInvoker invoker, Task lastTask, State next, Scope scope, Object state, Boolean isCompleted)
   at Microsoft.AspNetCore.Mvc.Infrastructure.ResourceInvoker.<InvokeAsync>g__Awaited|17_0(ResourceInvoker invoker, Task task, IDisposable scope)
   at Microsoft.AspNetCore.Mvc.Infrastructure.ResourceInvoker.<InvokeAsync>g__Awaited|17_0(ResourceInvoker invoker, Task task, IDisposable scope)
   at Microsoft.AspNetCore.Authorization.AuthorizationMiddleware.Invoke(HttpContext context)
   at Microsoft.AspNetCore.Authentication.AuthenticationMiddleware.Invoke(HttpContext context)
   at Microsoft.AspNetCore.RateLimiting.RateLimitingMiddleware.InvokeInternal(HttpContext context, EnableRateLimitingAttribute enableRateLimitingAttribute)
   at Swashbuckle.AspNetCore.SwaggerUI.SwaggerUIMiddleware.Invoke(HttpContext httpContext)
   at Swashbuckle.AspNetCore.Swagger.SwaggerMiddleware.Invoke(HttpContext httpContext, ISwaggerProvider swaggerProvider)
   at EnglishLearningPlatform.API.Middlewares.RequestLoggingMiddleware.InvokeAsync(HttpContext context) in C:\Users\Ravan999\Desktop\Aygun-Final\Final-Project-ReadLingo-Back\EnglishLearningPlatform.API\Middlewares\RequestLoggingMiddleware.cs:line 24
   at EnglishLearningPlatform.API.Middlewares.ExceptionHandlingMiddleware.InvokeAsync(HttpContext context) in C:\Users\Ravan999\Desktop\Aygun-Final\Final-Project-ReadLingo-Back\EnglishLearningPlatform.API\Middlewares\ExceptionHandlingMiddleware.cs:line 27
2026-08-17 00:35:19.188 +04:00 [INF] OPTIONS /api/v1/auth/login responded 204 in 0ms (user: anonymous)
2026-08-17 00:35:19.622 +04:00 [INF] POST /api/v1/auth/login responded 200 in 427ms (user: anonymous)
2026-08-17 00:35:19.653 +04:00 [INF] OPTIONS /api/v1/profile responded 204 in 0ms (user: anonymous)
2026-08-17 00:35:19.660 +04:00 [INF] OPTIONS /api/v1/profile responded 204 in 0ms (user: anonymous)
2026-08-17 00:35:19.660 +04:00 [INF] OPTIONS /api/v1/profile responded 204 in 0ms (user: anonymous)
2026-08-17 00:35:19.660 +04:00 [INF] OPTIONS /api/v1/stories responded 204 in 0ms (user: anonymous)
2026-08-17 00:35:19.660 +04:00 [INF] OPTIONS /api/v1/profile responded 204 in 0ms (user: anonymous)
2026-08-17 00:35:19.662 +04:00 [INF] OPTIONS /api/v1/stories responded 204 in 0ms (user: anonymous)
2026-08-17 00:35:20.034 +04:00 [WRN] Compiling a query which loads related collections for more than one collection navigation, either via 'Include' or through projection, but no 'QuerySplittingBehavior' has been configured. By default, Entity Framework will use 'QuerySplittingBehavior.SingleQuery', which can potentially result in slow query performance. See https://go.microsoft.com/fwlink/?linkid=2134277 for more information. To identify the query that's triggering this warning call 'ConfigureWarnings(w => w.Throw(RelationalEventId.MultipleCollectionIncludeWarning))'.
2026-08-17 00:35:20.104 +04:00 [INF] GET /api/v1/stories responded 200 in 427ms (user: anonymous)
2026-08-17 00:35:20.109 +04:00 [INF] GET /api/v1/stories responded 200 in 2ms (user: anonymous)
2026-08-17 00:35:20.212 +04:00 [INF] GET /api/v1/profile responded 200 in 546ms (user: anonymous)
2026-08-17 00:35:20.254 +04:00 [INF] GET /api/v1/profile responded 200 in 10ms (user: anonymous)
2026-08-17 00:35:20.266 +04:00 [INF] GET /api/v1/profile responded 200 in 10ms (user: anonymous)
2026-08-17 00:35:20.275 +04:00 [INF] GET /api/v1/profile responded 200 in 7ms (user: anonymous)
2026-08-17 00:39:25.106 +04:00 [INF] OPTIONS /api/v1/profile responded 204 in 0ms (user: anonymous)
2026-08-17 00:39:25.106 +04:00 [INF] OPTIONS /api/v1/profile responded 204 in 0ms (user: anonymous)
2026-08-17 00:39:25.106 +04:00 [INF] OPTIONS /api/v1/profile responded 204 in 0ms (user: anonymous)
2026-08-17 00:39:25.106 +04:00 [INF] OPTIONS /api/v1/profile responded 204 in 0ms (user: anonymous)
2026-08-17 00:39:25.106 +04:00 [INF] OPTIONS /api/v1/stories responded 204 in 0ms (user: anonymous)
2026-08-17 00:39:25.108 +04:00 [INF] OPTIONS /api/v1/stories responded 204 in 0ms (user: anonymous)
2026-08-17 00:39:25.120 +04:00 [INF] GET /api/v1/profile responded 200 in 8ms (user: anonymous)
2026-08-17 00:39:25.128 +04:00 [INF] GET /api/v1/profile responded 200 in 6ms (user: anonymous)
2026-08-17 00:39:25.130 +04:00 [INF] GET /api/v1/stories responded 200 in 7ms (user: anonymous)
2026-08-17 00:39:25.133 +04:00 [INF] GET /api/v1/stories responded 200 in 1ms (user: anonymous)
2026-08-17 00:39:25.137 +04:00 [INF] GET /api/v1/profile responded 200 in 7ms (user: anonymous)
2026-08-17 00:39:25.143 +04:00 [INF] GET /api/v1/profile responded 200 in 4ms (user: anonymous)
2026-08-17 00:39:33.875 +04:00 [INF] OPTIONS /api/v1/stories responded 204 in 0ms (user: anonymous)
2026-08-17 00:39:33.875 +04:00 [INF] OPTIONS /api/v1/profile responded 204 in 0ms (user: anonymous)
2026-08-17 00:39:33.875 +04:00 [INF] OPTIONS /api/v1/profile responded 204 in 0ms (user: anonymous)
2026-08-17 00:39:33.885 +04:00 [INF] GET /api/v1/stories responded 200 in 2ms (user: anonymous)
2026-08-17 00:39:33.890 +04:00 [INF] GET /api/v1/profile responded 200 in 5ms (user: anonymous)
2026-08-17 00:39:33.897 +04:00 [INF] GET /api/v1/profile responded 200 in 4ms (user: anonymous)
2026-08-17 00:40:53.253 +04:00 [INF] OPTIONS /api/v1/vocabularies responded 204 in 0ms (user: anonymous)
2026-08-17 00:40:53.253 +04:00 [INF] OPTIONS /api/v1/vocabularies responded 204 in 0ms (user: anonymous)
2026-08-17 00:40:53.253 +04:00 [INF] OPTIONS /api/v1/profile responded 204 in 0ms (user: anonymous)
2026-08-17 00:40:53.253 +04:00 [INF] OPTIONS /api/v1/profile responded 204 in 0ms (user: anonymous)
2026-08-17 00:40:53.271 +04:00 [INF] GET /api/v1/profile responded 200 in 4ms (user: anonymous)
2026-08-17 00:40:53.276 +04:00 [INF] GET /api/v1/profile responded 200 in 3ms (user: anonymous)
2026-08-17 00:40:53.363 +04:00 [INF] GET /api/v1/vocabularies responded 200 in 103ms (user: anonymous)
2026-08-17 00:40:53.374 +04:00 [INF] GET /api/v1/vocabularies responded 200 in 9ms (user: anonymous)
2026-08-17 00:40:53.399 +04:00 [INF] GET /api/v1/vocabularies responded 200 in 7ms (user: anonymous)
2026-08-17 00:40:53.413 +04:00 [INF] GET /api/v1/vocabularies responded 200 in 12ms (user: anonymous)
2026-08-17 00:40:56.095 +04:00 [INF] OPTIONS /api/v1/stories responded 204 in 0ms (user: anonymous)
2026-08-17 00:40:56.095 +04:00 [INF] OPTIONS /api/v1/story-categories responded 204 in 0ms (user: anonymous)
2026-08-17 00:40:56.095 +04:00 [INF] OPTIONS /api/v1/story-categories responded 204 in 0ms (user: anonymous)
2026-08-17 00:40:56.095 +04:00 [INF] OPTIONS /api/v1/stories responded 204 in 0ms (user: anonymous)
2026-08-17 00:40:56.104 +04:00 [INF] GET /api/v1/stories responded 200 in 0ms (user: anonymous)
2026-08-17 00:40:56.104 +04:00 [INF] GET /api/v1/profile responded 200 in 7ms (user: anonymous)
2026-08-17 00:40:56.113 +04:00 [INF] GET /api/v1/profile responded 200 in 6ms (user: anonymous)
2026-08-17 00:40:56.116 +04:00 [INF] GET /api/v1/stories responded 200 in 0ms (user: anonymous)
2026-08-17 00:40:56.162 +04:00 [INF] GET /api/v1/story-categories responded 200 in 55ms (user: anonymous)
2026-08-17 00:40:56.166 +04:00 [INF] GET /api/v1/story-categories responded 200 in 1ms (user: anonymous)
2026-08-17 00:40:57.356 +04:00 [INF] OPTIONS /api/v1/stories/ff71137a-c796-499b-9a8e-5cc111b19174 responded 204 in 0ms (user: anonymous)
2026-08-17 00:40:57.356 +04:00 [INF] OPTIONS /api/v1/stories/ff71137a-c796-499b-9a8e-5cc111b19174 responded 204 in 0ms (user: anonymous)
2026-08-17 00:40:57.360 +04:00 [INF] GET /api/v1/profile responded 200 in 3ms (user: anonymous)
2026-08-17 00:40:57.370 +04:00 [INF] GET /api/v1/profile responded 200 in 7ms (user: anonymous)
2026-08-17 00:40:57.464 +04:00 [INF] GET /api/v1/stories/ff71137a-c796-499b-9a8e-5cc111b19174 responded 200 in 101ms (user: anonymous)
2026-08-17 00:40:57.469 +04:00 [INF] GET /api/v1/stories/ff71137a-c796-499b-9a8e-5cc111b19174 responded 200 in 2ms (user: anonymous)
2026-08-17 00:40:58.340 +04:00 [INF] OPTIONS /api/v1/profile responded 204 in 0ms (user: anonymous)
2026-08-17 00:40:58.340 +04:00 [INF] OPTIONS /api/v1/profile responded 204 in 0ms (user: anonymous)
2026-08-17 00:40:58.340 +04:00 [INF] OPTIONS /api/v1/profile responded 204 in 0ms (user: anonymous)
2026-08-17 00:40:58.340 +04:00 [INF] OPTIONS /api/v1/profile responded 204 in 0ms (user: anonymous)
2026-08-17 00:40:58.348 +04:00 [INF] GET /api/v1/stories/ff71137a-c796-499b-9a8e-5cc111b19174 responded 200 in 7ms (user: anonymous)
2026-08-17 00:40:58.354 +04:00 [INF] GET /api/v1/stories/ff71137a-c796-499b-9a8e-5cc111b19174 responded 200 in 2ms (user: anonymous)
2026-08-17 00:40:58.355 +04:00 [INF] GET /api/v1/profile responded 200 in 7ms (user: anonymous)
2026-08-17 00:40:58.360 +04:00 [INF] GET /api/v1/profile responded 200 in 4ms (user: anonymous)
2026-08-17 00:40:58.367 +04:00 [INF] GET /api/v1/profile responded 200 in 5ms (user: anonymous)
2026-08-17 00:40:58.367 +04:00 [INF] GET /api/v1/profile responded 200 in 6ms (user: anonymous)
2026-08-17 00:40:58.370 +04:00 [INF] OPTIONS /api/v1/progress responded 204 in 0ms (user: anonymous)
2026-08-17 00:40:58.377 +04:00 [INF] OPTIONS /api/v1/progress responded 204 in 0ms (user: anonymous)
2026-08-17 00:40:58.453 +04:00 [INF] POST /api/v1/progress responded 200 in 70ms (user: anonymous)
2026-08-17 00:40:58.453 +04:00 [INF] POST /api/v1/progress responded 200 in 59ms (user: anonymous)
2026-08-17 00:40:58.453 +04:00 [INF] POST /api/v1/progress responded 200 in 66ms (user: anonymous)
2026-08-17 00:40:58.453 +04:00 [INF] POST /api/v1/progress responded 200 in 71ms (user: anonymous)
2026-08-17 00:40:58.460 +04:00 [INF] OPTIONS /api/v1/progress/reading-history responded 204 in 0ms (user: anonymous)
2026-08-17 00:40:58.464 +04:00 [INF] OPTIONS /api/v1/progress/reading-history responded 204 in 0ms (user: anonymous)
2026-08-17 00:40:58.466 +04:00 [INF] OPTIONS /api/v1/progress/reading-history responded 204 in 0ms (user: anonymous)
2026-08-17 00:40:58.468 +04:00 [INF] OPTIONS /api/v1/progress/reading-history responded 204 in 0ms (user: anonymous)
2026-08-17 00:40:58.513 +04:00 [INF] POST /api/v1/progress/reading-history responded 200 in 31ms (user: anonymous)
2026-08-17 00:40:58.513 +04:00 [INF] POST /api/v1/progress/reading-history responded 200 in 34ms (user: anonymous)
2026-08-17 00:40:58.513 +04:00 [INF] POST /api/v1/progress/reading-history responded 200 in 38ms (user: anonymous)
2026-08-17 00:40:58.513 +04:00 [INF] POST /api/v1/progress/reading-history responded 200 in 41ms (user: anonymous)
2026-08-17 00:40:58.519 +04:00 [INF] OPTIONS /api/v1/progress/streak responded 204 in 0ms (user: anonymous)
2026-08-17 00:40:58.522 +04:00 [INF] OPTIONS /api/v1/progress/streak responded 204 in 0ms (user: anonymous)
2026-08-17 00:40:58.526 +04:00 [INF] OPTIONS /api/v1/progress/streak responded 204 in 0ms (user: anonymous)
2026-08-17 00:40:58.530 +04:00 [INF] OPTIONS /api/v1/progress/streak responded 204 in 0ms (user: anonymous)
2026-08-17 00:40:58.542 +04:00 [INF] GET /api/v1/progress/streak responded 200 in 9ms (user: anonymous)
2026-08-17 00:40:58.547 +04:00 [INF] GET /api/v1/progress/streak responded 200 in 4ms (user: anonymous)
2026-08-17 00:40:58.554 +04:00 [INF] GET /api/v1/progress/streak responded 200 in 5ms (user: anonymous)
2026-08-17 00:40:58.557 +04:00 [INF] GET /api/v1/progress/streak responded 200 in 2ms (user: anonymous)
2026-08-17 00:41:00.221 +04:00 [INF] OPTIONS /api/v1/translations/translate responded 204 in 0ms (user: anonymous)
2026-08-17 00:41:00.242 +04:00 [WRN] AI provider is not configured; returning a placeholder response.
2026-08-17 00:41:00.249 +04:00 [INF] POST /api/v1/translations/translate responded 400 in 25ms (user: anonymous)
2026-08-17 00:41:01.350 +04:00 [WRN] AI provider is not configured; returning a placeholder response.
2026-08-17 00:41:01.356 +04:00 [INF] POST /api/v1/translations/translate responded 400 in 8ms (user: anonymous)
2026-08-17 00:41:12.473 +04:00 [INF] OPTIONS /api/v1/translations/translate responded 204 in 0ms (user: anonymous)
2026-08-17 00:41:12.479 +04:00 [WRN] AI provider is not configured; returning a placeholder response.
2026-08-17 00:41:12.480 +04:00 [INF] POST /api/v1/translations/translate responded 400 in 3ms (user: anonymous)
2026-08-17 00:41:15.087 +04:00 [WRN] AI provider is not configured; returning a placeholder response.
2026-08-17 00:41:15.089 +04:00 [INF] POST /api/v1/translations/translate responded 400 in 4ms (user: anonymous)
2026-08-17 00:41:29.583 +04:00 [INF] OPTIONS /api/v1/translations/translate responded 204 in 0ms (user: anonymous)
2026-08-17 00:41:29.589 +04:00 [WRN] AI provider is not configured; returning a placeholder response.
2026-08-17 00:41:29.590 +04:00 [INF] POST /api/v1/translations/translate responded 400 in 2ms (user: anonymous)
2026-08-17 00:43:42.865 +04:00 [INF] OPTIONS /api/v1/progress responded 204 in 0ms (user: anonymous)
2026-08-17 00:43:42.865 +04:00 [INF] OPTIONS /api/v1/profile responded 204 in 0ms (user: anonymous)
2026-08-17 00:43:42.865 +04:00 [INF] OPTIONS /api/v1/stories/ff71137a-c796-499b-9a8e-5cc111b19174 responded 204 in 0ms (user: anonymous)
2026-08-17 00:43:42.865 +04:00 [INF] OPTIONS /api/v1/profile responded 204 in 0ms (user: anonymous)
2026-08-17 00:43:42.878 +04:00 [INF] POST /api/v1/progress responded 200 in 8ms (user: anonymous)
2026-08-17 00:43:42.878 +04:00 [INF] GET /api/v1/profile responded 200 in 6ms (user: anonymous)
2026-08-17 00:43:42.878 +04:00 [INF] GET /api/v1/stories/ff71137a-c796-499b-9a8e-5cc111b19174 responded 200 in 2ms (user: anonymous)
2026-08-17 00:43:42.884 +04:00 [INF] GET /api/v1/profile responded 200 in 4ms (user: anonymous)
2026-08-17 00:43:42.884 +04:00 [INF] OPTIONS /api/v1/progress/reading-history responded 204 in 0ms (user: anonymous)
2026-08-17 00:43:42.899 +04:00 [INF] POST /api/v1/progress/reading-history responded 200 in 3ms (user: anonymous)
2026-08-17 00:43:42.899 +04:00 [INF] POST /api/v1/progress responded 200 in 3ms (user: anonymous)
2026-08-17 00:43:42.915 +04:00 [INF] OPTIONS /api/v1/progress/streak responded 204 in 0ms (user: anonymous)
2026-08-17 00:43:42.918 +04:00 [INF] POST /api/v1/progress/reading-history responded 200 in 2ms (user: anonymous)
2026-08-17 00:43:42.918 +04:00 [INF] POST /api/v1/progress responded 200 in 4ms (user: anonymous)
2026-08-17 00:43:42.924 +04:00 [INF] GET /api/v1/progress/streak responded 200 in 4ms (user: anonymous)
2026-08-17 00:43:42.929 +04:00 [INF] GET /api/v1/progress/streak responded 200 in 2ms (user: anonymous)
2026-08-17 00:43:42.929 +04:00 [INF] POST /api/v1/progress/reading-history responded 200 in 2ms (user: anonymous)
2026-08-17 00:43:42.939 +04:00 [INF] GET /api/v1/progress/streak responded 200 in 3ms (user: anonymous)
2026-08-17 00:43:45.109 +04:00 [INF] OPTIONS /api/v1/translations/translate responded 204 in 0ms (user: anonymous)
2026-08-17 00:43:45.115 +04:00 [WRN] AI provider is not configured; returning a placeholder response.
2026-08-17 00:43:45.117 +04:00 [INF] POST /api/v1/translations/translate responded 400 in 3ms (user: anonymous)
2026-08-17 00:43:46.129 +04:00 [WRN] AI provider is not configured; returning a placeholder response.
2026-08-17 00:43:46.130 +04:00 [INF] POST /api/v1/translations/translate responded 400 in 2ms (user: anonymous)
2026-08-17 00:43:51.019 +04:00 [INF] OPTIONS /api/v1/profile responded 204 in 0ms (user: anonymous)
2026-08-17 00:43:51.019 +04:00 [INF] OPTIONS /api/v1/stories/ff71137a-c796-499b-9a8e-5cc111b19174 responded 204 in 0ms (user: anonymous)
2026-08-17 00:43:51.019 +04:00 [INF] OPTIONS /api/v1/progress responded 204 in 0ms (user: anonymous)
2026-08-17 00:43:51.031 +04:00 [INF] GET /api/v1/stories/ff71137a-c796-499b-9a8e-5cc111b19174 responded 200 in 2ms (user: anonymous)
2026-08-17 00:43:51.034 +04:00 [INF] GET /api/v1/profile responded 200 in 7ms (user: anonymous)
2026-08-17 00:43:51.050 +04:00 [INF] POST /api/v1/progress responded 200 in 19ms (user: anonymous)
2026-08-17 00:43:51.080 +04:00 [INF] POST /api/v1/progress responded 200 in 24ms (user: anonymous)
2026-08-17 00:43:51.100 +04:00 [INF] OPTIONS /api/v1/progress/reading-history responded 204 in 0ms (user: anonymous)
2026-08-17 00:43:51.101 +04:00 [INF] OPTIONS /api/v1/progress/reading-history responded 204 in 0ms (user: anonymous)
2026-08-17 00:43:51.109 +04:00 [INF] POST /api/v1/progress responded 200 in 12ms (user: anonymous)
2026-08-17 00:43:51.129 +04:00 [INF] POST /api/v1/progress/reading-history responded 200 in 14ms (user: anonymous)
2026-08-17 00:43:51.130 +04:00 [INF] POST /api/v1/progress/reading-history responded 200 in 14ms (user: anonymous)
2026-08-17 00:43:51.139 +04:00 [INF] POST /api/v1/progress/reading-history responded 200 in 12ms (user: anonymous)
2026-08-17 00:43:51.147 +04:00 [INF] OPTIONS /api/v1/progress/streak responded 204 in 0ms (user: anonymous)
2026-08-17 00:43:51.148 +04:00 [INF] OPTIONS /api/v1/progress/streak responded 204 in 0ms (user: anonymous)
2026-08-17 00:43:51.148 +04:00 [INF] OPTIONS /api/v1/progress/streak responded 204 in 0ms (user: anonymous)
2026-08-17 00:43:51.170 +04:00 [INF] GET /api/v1/progress/streak responded 200 in 11ms (user: anonymous)
2026-08-17 00:43:51.185 +04:00 [INF] GET /api/v1/progress/streak responded 200 in 8ms (user: anonymous)
2026-08-17 00:43:51.200 +04:00 [INF] GET /api/v1/progress/streak responded 200 in 11ms (user: anonymous)
2026-08-17 00:44:03.251 +04:00 [INF] OPTIONS /api/v1/translations/translate responded 204 in 0ms (user: anonymous)
2026-08-17 00:44:03.259 +04:00 [WRN] AI provider is not configured; returning a placeholder response.
2026-08-17 00:44:03.262 +04:00 [INF] POST /api/v1/translations/translate responded 400 in 6ms (user: anonymous)
2026-08-17 00:44:03.463 +04:00 [WRN] AI provider is not configured; returning a placeholder response.
2026-08-17 00:44:03.466 +04:00 [INF] POST /api/v1/translations/translate responded 400 in 4ms (user: anonymous)
2026-08-17 00:44:53.328 +04:00 [INF] OPTIONS /api/v1/progress responded 204 in 0ms (user: anonymous)
2026-08-17 00:44:53.328 +04:00 [INF] OPTIONS /api/v1/stories/ff71137a-c796-499b-9a8e-5cc111b19174 responded 204 in 0ms (user: anonymous)
2026-08-17 00:44:53.328 +04:00 [INF] OPTIONS /api/v1/profile responded 204 in 0ms (user: anonymous)
2026-08-17 00:44:53.346 +04:00 [INF] GET /api/v1/stories/ff71137a-c796-499b-9a8e-5cc111b19174 responded 200 in 3ms (user: anonymous)
2026-08-17 00:44:53.347 +04:00 [INF] POST /api/v1/progress responded 200 in 13ms (user: anonymous)
2026-08-17 00:44:53.353 +04:00 [INF] GET /api/v1/profile responded 200 in 8ms (user: anonymous)
2026-08-17 00:44:53.355 +04:00 [INF] OPTIONS /api/v1/progress/reading-history responded 204 in 0ms (user: anonymous)
2026-08-17 00:44:53.369 +04:00 [INF] POST /api/v1/progress/reading-history responded 200 in 9ms (user: anonymous)
2026-08-17 00:44:53.370 +04:00 [INF] POST /api/v1/progress responded 200 in 10ms (user: anonymous)
2026-08-17 00:44:53.382 +04:00 [INF] OPTIONS /api/v1/progress/streak responded 204 in 0ms (user: anonymous)
2026-08-17 00:44:53.386 +04:00 [INF] POST /api/v1/progress responded 200 in 12ms (user: anonymous)
2026-08-17 00:44:53.397 +04:00 [INF] GET /api/v1/progress/streak responded 200 in 5ms (user: anonymous)
2026-08-17 00:44:53.397 +04:00 [INF] POST /api/v1/progress/reading-history responded 200 in 5ms (user: anonymous)
2026-08-17 00:44:53.404 +04:00 [INF] POST /api/v1/progress/reading-history responded 200 in 7ms (user: anonymous)
2026-08-17 00:44:53.412 +04:00 [INF] GET /api/v1/progress/streak responded 200 in 3ms (user: anonymous)
2026-08-17 00:44:53.417 +04:00 [INF] GET /api/v1/progress/streak responded 200 in 3ms (user: anonymous)
2026-08-17 00:45:17.084 +04:00 [INF] OPTIONS /api/v1/translations/translate responded 204 in 0ms (user: anonymous)
2026-08-17 00:45:17.094 +04:00 [WRN] AI provider is not configured; returning a placeholder response.
2026-08-17 00:45:17.096 +04:00 [INF] POST /api/v1/translations/translate responded 400 in 3ms (user: anonymous)
2026-08-17 00:45:19.216 +04:00 [WRN] AI provider is not configured; returning a placeholder response.
2026-08-17 00:45:19.219 +04:00 [INF] POST /api/v1/translations/translate responded 400 in 4ms (user: anonymous)
