2026-08-07 16:09:07.782 +04:00 [WRN] Entity 'Story' has a global query filter defined and is the required end of a relationship with the entity 'Chapter'. This may lead to unexpected results when the required entity is filtered out. Either configure the navigation as optional, or define matching query filters for both entities in the navigation. See https://go.microsoft.com/fwlink/?linkid=2131316 for more information.
2026-08-07 16:09:08.089 +04:00 [WRN] Entity 'Story' has a global query filter defined and is the required end of a relationship with the entity 'DailyStoryReadLog'. This may lead to unexpected results when the required entity is filtered out. Either configure the navigation as optional, or define matching query filters for both entities in the navigation. See https://go.microsoft.com/fwlink/?linkid=2131316 for more information.
2026-08-07 16:09:08.241 +04:00 [WRN] Entity 'Story' has a global query filter defined and is the required end of a relationship with the entity 'FavoriteStory'. This may lead to unexpected results when the required entity is filtered out. Either configure the navigation as optional, or define matching query filters for both entities in the navigation. See https://go.microsoft.com/fwlink/?linkid=2131316 for more information.
2026-08-07 16:09:08.326 +04:00 [WRN] Entity 'Story' has a global query filter defined and is the required end of a relationship with the entity 'QuizAttempt'. This may lead to unexpected results when the required entity is filtered out. Either configure the navigation as optional, or define matching query filters for both entities in the navigation. See https://go.microsoft.com/fwlink/?linkid=2131316 for more information.
2026-08-07 16:09:08.414 +04:00 [WRN] Entity 'Story' has a global query filter defined and is the required end of a relationship with the entity 'ReadingHistory'. This may lead to unexpected results when the required entity is filtered out. Either configure the navigation as optional, or define matching query filters for both entities in the navigation. See https://go.microsoft.com/fwlink/?linkid=2131316 for more information.
2026-08-07 16:09:08.498 +04:00 [WRN] Entity 'Story' has a global query filter defined and is the required end of a relationship with the entity 'RemainingCorrectCounter'. This may lead to unexpected results when the required entity is filtered out. Either configure the navigation as optional, or define matching query filters for both entities in the navigation. See https://go.microsoft.com/fwlink/?linkid=2131316 for more information.
2026-08-07 16:09:08.505 +04:00 [WRN] Entity 'Story' has a global query filter defined and is the required end of a relationship with the entity 'Review'. This may lead to unexpected results when the required entity is filtered out. Either configure the navigation as optional, or define matching query filters for both entities in the navigation. See https://go.microsoft.com/fwlink/?linkid=2131316 for more information.
2026-08-07 16:09:08.609 +04:00 [WRN] Entity 'Story' has a global query filter defined and is the required end of a relationship with the entity 'UserProgress'. This may lead to unexpected results when the required entity is filtered out. Either configure the navigation as optional, or define matching query filters for both entities in the navigation. See https://go.microsoft.com/fwlink/?linkid=2131316 for more information.
2026-08-07 16:09:17.607 +04:00 [INF] Database seeding completed successfully.
2026-08-07 16:09:17.923 +04:00 [WRN] The WebRootPath was not found: C:\Users\user\Desktop\Final Project\EnglishLearningPlatform\EnglishLearningPlatform.API\wwwroot. Static files may be unavailable.
2026-08-07 16:09:19.570 +04:00 [INF] GET /swagger/index.html responded 200 in 89ms (user: anonymous)
2026-08-07 16:09:19.835 +04:00 [INF] GET /swagger/v1/swagger.json responded 200 in 50ms (user: anonymous)
2026-08-07 16:10:30.766 +04:00 [INF] OPTIONS /api/v1/auth/login responded 204 in 6ms (user: anonymous)
2026-08-07 16:10:30.833 +04:00 [INF] POST /api/v1/auth/login responded 404 in 58ms (user: anonymous)
2026-08-07 16:21:09.412 +04:00 [INF] GET /swagger/index.html responded 200 in 1085ms (user: anonymous)
2026-08-07 16:21:12.078 +04:00 [INF] POST /login responded 200 in 49207ms (user: anonymous)
2026-08-07 16:21:19.268 +04:00 [ERR] Unhandled exception on /login
System.OperationCanceledException: The operation was canceled.
   at System.Threading.CancellationToken.ThrowOperationCanceledException()
   at System.Threading.CancellationToken.ThrowIfCancellationRequested()
   at Microsoft.EntityFrameworkCore.Storage.ExecutionStrategy.ExecuteImplementationAsync[TState,TResult](Func`4 operation, Func`4 verifySucceeded, TState state, CancellationToken cancellationToken)
   at Microsoft.EntityFrameworkCore.Storage.ExecutionStrategy.ExecuteAsync[TState,TResult](TState state, Func`4 operation, Func`4 verifySucceeded, CancellationToken cancellationToken)
   at Microsoft.EntityFrameworkCore.DbContext.SaveChangesAsync(Boolean acceptAllChangesOnSuccess, CancellationToken cancellationToken)
   at Microsoft.EntityFrameworkCore.DbContext.SaveChangesAsync(Boolean acceptAllChangesOnSuccess, CancellationToken cancellationToken)
   at EnglishLearningPlatform.Persistence.UnitOfWork.UnitOfWork.SaveChangesAsync(CancellationToken cancellationToken) in C:\Users\user\Desktop\Final Project\EnglishLearningPlatform\EnglishLearningPlatform.Persistence\UnitOfWork\UnitOfWork.cs:line 88
   at EnglishLearningPlatform.Application.Services.AuthService.LoginAsync(LoginDto dto, String ipAddress, CancellationToken cancellationToken) in C:\Users\user\Desktop\Final Project\EnglishLearningPlatform\EnglishLearningPlatform.Application\Services\AuthService .cs:line 82
   at EnglishLearningPlatform.API.Controllers.V1.AuthController.Login(LoginDto dto, CancellationToken cancellationToken) in C:\Users\user\Desktop\Final Project\EnglishLearningPlatform\EnglishLearningPlatform.API\Controllers\V1\AuthController.cs:line 30
   at Microsoft.AspNetCore.Mvc.Infrastructure.ActionMethodExecutor.TaskOfIActionResultExecutor.Execute(ActionContext actionContext, IActionResultTypeMapper mapper, ObjectMethodExecutor executor, Object controller, Object[] arguments)
   at Microsoft.AspNetCore.Mvc.Infrastructure.ControllerActionInvoker.<InvokeActionMethodAsync>g__Awaited|12_0(ControllerActionInvoker invoker, ValueTask`1 actionResultValueTask)
   at Microsoft.AspNetCore.Mvc.Infrastructure.ControllerActionInvoker.<InvokeNextActionFilterAsync>g__Awaited|10_0(ControllerActionInvoker invoker, Task lastTask, State next, Scope scope, Object state, Boolean isCompleted)
   at Microsoft.AspNetCore.Mvc.Infrastructure.ControllerActionInvoker.Rethrow(ActionExecutedContextSealed context)
   at Microsoft.AspNetCore.Mvc.Infrastructure.ControllerActionInvoker.Next(State& next, Scope& scope, Object& state, Boolean& isCompleted)
   at Microsoft.AspNetCore.Mvc.Infrastructure.ControllerActionInvoker.<InvokeInnerFilterAsync>g__Awaited|13_0(ControllerActionInvoker invoker, Task lastTask, State next, Scope scope, Object state, Boolean isCompleted)
   at Microsoft.AspNetCore.Mvc.Infrastructure.ResourceInvoker.<InvokeFilterPipelineAsync>g__Awaited|20_0(ResourceInvoker invoker, Task lastTask, State next, Scope scope, Object state, Boolean isCompleted)
   at Microsoft.AspNetCore.Mvc.Infrastructure.ResourceInvoker.<InvokeAsync>g__Awaited|17_0(ResourceInvoker invoker, Task task, IDisposable scope)
   at Microsoft.AspNetCore.Mvc.Infrastructure.ResourceInvoker.<InvokeAsync>g__Awaited|17_0(ResourceInvoker invoker, Task task, IDisposable scope)
   at Microsoft.AspNetCore.Authorization.AuthorizationMiddleware.Invoke(HttpContext context)
   at Microsoft.AspNetCore.Authentication.AuthenticationMiddleware.Invoke(HttpContext context)
   at Microsoft.AspNetCore.RateLimiting.RateLimitingMiddleware.InvokeInternal(HttpContext context, EnableRateLimitingAttribute enableRateLimitingAttribute)
   at Swashbuckle.AspNetCore.SwaggerUI.SwaggerUIMiddleware.Invoke(HttpContext httpContext)
   at Swashbuckle.AspNetCore.Swagger.SwaggerMiddleware.Invoke(HttpContext httpContext, ISwaggerProvider swaggerProvider)
   at EnglishLearningPlatform.API.Middlewares.RequestLoggingMiddleware.InvokeAsync(HttpContext context) in C:\Users\user\Desktop\Final Project\EnglishLearningPlatform\EnglishLearningPlatform.API\Middlewares\RequestLoggingMiddleware.cs:line 24
   at EnglishLearningPlatform.API.Middlewares.ExceptionHandlingMiddleware.InvokeAsync(HttpContext context) in C:\Users\user\Desktop\Final Project\EnglishLearningPlatform\EnglishLearningPlatform.API\Middlewares\ExceptionHandlingMiddleware.cs:line 27
2026-08-07 16:21:21.670 +04:00 [INF] GET /swagger/v1/swagger.json responded 200 in 5731ms (user: anonymous)
2026-08-07 16:21:44.297 +04:00 [INF] POST /login responded 200 in 720ms (user: anonymous)
2026-08-07 16:57:23.275 +04:00 [WRN] Entity 'Story' has a global query filter defined and is the required end of a relationship with the entity 'Chapter'. This may lead to unexpected results when the required entity is filtered out. Either configure the navigation as optional, or define matching query filters for both entities in the navigation. See https://go.microsoft.com/fwlink/?linkid=2131316 for more information.
2026-08-07 16:57:23.369 +04:00 [WRN] Entity 'Story' has a global query filter defined and is the required end of a relationship with the entity 'DailyStoryReadLog'. This may lead to unexpected results when the required entity is filtered out. Either configure the navigation as optional, or define matching query filters for both entities in the navigation. See https://go.microsoft.com/fwlink/?linkid=2131316 for more information.
2026-08-07 16:57:23.372 +04:00 [WRN] Entity 'Story' has a global query filter defined and is the required end of a relationship with the entity 'FavoriteStory'. This may lead to unexpected results when the required entity is filtered out. Either configure the navigation as optional, or define matching query filters for both entities in the navigation. See https://go.microsoft.com/fwlink/?linkid=2131316 for more information.
2026-08-07 16:57:23.374 +04:00 [WRN] Entity 'Story' has a global query filter defined and is the required end of a relationship with the entity 'QuizAttempt'. This may lead to unexpected results when the required entity is filtered out. Either configure the navigation as optional, or define matching query filters for both entities in the navigation. See https://go.microsoft.com/fwlink/?linkid=2131316 for more information.
2026-08-07 16:57:23.377 +04:00 [WRN] Entity 'Story' has a global query filter defined and is the required end of a relationship with the entity 'ReadingHistory'. This may lead to unexpected results when the required entity is filtered out. Either configure the navigation as optional, or define matching query filters for both entities in the navigation. See https://go.microsoft.com/fwlink/?linkid=2131316 for more information.
2026-08-07 16:57:23.378 +04:00 [WRN] Entity 'Story' has a global query filter defined and is the required end of a relationship with the entity 'RemainingCorrectCounter'. This may lead to unexpected results when the required entity is filtered out. Either configure the navigation as optional, or define matching query filters for both entities in the navigation. See https://go.microsoft.com/fwlink/?linkid=2131316 for more information.
2026-08-07 16:57:23.380 +04:00 [WRN] Entity 'Story' has a global query filter defined and is the required end of a relationship with the entity 'Review'. This may lead to unexpected results when the required entity is filtered out. Either configure the navigation as optional, or define matching query filters for both entities in the navigation. See https://go.microsoft.com/fwlink/?linkid=2131316 for more information.
2026-08-07 16:57:23.382 +04:00 [WRN] Entity 'Story' has a global query filter defined and is the required end of a relationship with the entity 'UserProgress'. This may lead to unexpected results when the required entity is filtered out. Either configure the navigation as optional, or define matching query filters for both entities in the navigation. See https://go.microsoft.com/fwlink/?linkid=2131316 for more information.
2026-08-07 16:57:28.091 +04:00 [INF] Database seeding completed successfully.
2026-08-07 16:57:28.720 +04:00 [WRN] The WebRootPath was not found: C:\Users\user\Desktop\Final Project\EnglishLearningPlatform\EnglishLearningPlatform.API\wwwroot. Static files may be unavailable.
2026-08-07 16:57:29.951 +04:00 [INF] GET /swagger/index.html responded 200 in 92ms (user: anonymous)
2026-08-07 16:57:30.217 +04:00 [INF] GET /swagger/v1/swagger.json responded 200 in 81ms (user: anonymous)
2026-08-07 17:03:44.752 +04:00 [WRN] Entity 'Story' has a global query filter defined and is the required end of a relationship with the entity 'Chapter'. This may lead to unexpected results when the required entity is filtered out. Either configure the navigation as optional, or define matching query filters for both entities in the navigation. See https://go.microsoft.com/fwlink/?linkid=2131316 for more information.
2026-08-07 17:03:51.957 +04:00 [WRN] Entity 'Story' has a global query filter defined and is the required end of a relationship with the entity 'DailyStoryReadLog'. This may lead to unexpected results when the required entity is filtered out. Either configure the navigation as optional, or define matching query filters for both entities in the navigation. See https://go.microsoft.com/fwlink/?linkid=2131316 for more information.
2026-08-07 17:03:53.491 +04:00 [WRN] Entity 'Story' has a global query filter defined and is the required end of a relationship with the entity 'FavoriteStory'. This may lead to unexpected results when the required entity is filtered out. Either configure the navigation as optional, or define matching query filters for both entities in the navigation. See https://go.microsoft.com/fwlink/?linkid=2131316 for more information.
2026-08-07 17:03:54.031 +04:00 [WRN] Entity 'Story' has a global query filter defined and is the required end of a relationship with the entity 'QuizAttempt'. This may lead to unexpected results when the required entity is filtered out. Either configure the navigation as optional, or define matching query filters for both entities in the navigation. See https://go.microsoft.com/fwlink/?linkid=2131316 for more information.
2026-08-07 17:03:54.450 +04:00 [WRN] Entity 'Story' has a global query filter defined and is the required end of a relationship with the entity 'ReadingHistory'. This may lead to unexpected results when the required entity is filtered out. Either configure the navigation as optional, or define matching query filters for both entities in the navigation. See https://go.microsoft.com/fwlink/?linkid=2131316 for more information.
2026-08-07 17:03:55.509 +04:00 [WRN] Entity 'Story' has a global query filter defined and is the required end of a relationship with the entity 'RemainingCorrectCounter'. This may lead to unexpected results when the required entity is filtered out. Either configure the navigation as optional, or define matching query filters for both entities in the navigation. See https://go.microsoft.com/fwlink/?linkid=2131316 for more information.
2026-08-07 17:03:57.285 +04:00 [WRN] Entity 'Story' has a global query filter defined and is the required end of a relationship with the entity 'Review'. This may lead to unexpected results when the required entity is filtered out. Either configure the navigation as optional, or define matching query filters for both entities in the navigation. See https://go.microsoft.com/fwlink/?linkid=2131316 for more information.
2026-08-07 17:03:57.299 +04:00 [WRN] Entity 'Story' has a global query filter defined and is the required end of a relationship with the entity 'UserProgress'. This may lead to unexpected results when the required entity is filtered out. Either configure the navigation as optional, or define matching query filters for both entities in the navigation. See https://go.microsoft.com/fwlink/?linkid=2131316 for more information.
2026-08-07 17:04:14.886 +04:00 [INF] Database seeding completed successfully.
2026-08-07 17:04:21.998 +04:00 [WRN] The WebRootPath was not found: C:\Users\user\Desktop\Final Project\EnglishLearningPlatform\EnglishLearningPlatform.API\wwwroot. Static files may be unavailable.
2026-08-07 17:04:24.820 +04:00 [INF] GET /swagger/index.html responded 200 in 379ms (user: anonymous)
2026-08-07 17:04:25.898 +04:00 [INF] GET /swagger/v1/swagger.json responded 200 in 669ms (user: anonymous)
2026-08-07 17:04:43.363 +04:00 [INF] OPTIONS /api/v1/auth/login responded 204 in 122ms (user: anonymous)
2026-08-07 17:04:47.459 +04:00 [INF] POST /api/v1/auth/login responded 400 in 792ms (user: anonymous)
2026-08-07 17:05:09.575 +04:00 [INF] OPTIONS /api/v1/auth/login responded 204 in 5ms (user: anonymous)
2026-08-07 17:05:10.290 +04:00 [INF] POST /api/v1/auth/login responded 400 in 569ms (user: anonymous)
2026-08-07 17:05:14.873 +04:00 [INF] POST /api/v1/auth/login responded 200 in 1199ms (user: anonymous)
2026-08-07 17:15:15.995 +04:00 [INF] OPTIONS /api/v1/auth/login responded 204 in 0ms (user: anonymous)
2026-08-07 17:15:49.991 +04:00 [INF] OPTIONS /api/v1/auth/login responded 204 in 0ms (user: anonymous)
2026-08-07 17:15:54.274 +04:00 [INF] POST /api/v1/auth/login responded 200 in 4253ms (user: anonymous)
2026-08-07 17:16:00.494 +04:00 [INF] OPTIONS /api/v1/auth/login responded 204 in 0ms (user: anonymous)
2026-08-07 17:16:00.887 +04:00 [INF] POST /api/v1/auth/login responded 200 in 338ms (user: anonymous)
2026-08-07 17:17:24.597 +04:00 [INF] OPTIONS /api/v1/auth/login responded 204 in 0ms (user: anonymous)
2026-08-07 17:17:43.981 +04:00 [INF] POST /api/v1/auth/login responded 200 in 18006ms (user: anonymous)
2026-08-07 17:18:26.989 +04:00 [INF] OPTIONS /api/v1/auth/login responded 204 in 0ms (user: anonymous)
2026-08-07 17:18:27.196 +04:00 [INF] POST /api/v1/auth/login responded 400 in 125ms (user: anonymous)
2026-08-07 17:20:34.794 +04:00 [INF] GET /swagger/v1/swagger.json responded 200 in 217ms (user: anonymous)
2026-08-07 17:21:00.775 +04:00 [INF] POST /api/v1/auth/login responded 200 in 496ms (user: anonymous)
2026-08-07 17:21:58.241 +04:00 [WRN] Compiling a query which loads related collections for more than one collection navigation, either via 'Include' or through projection, but no 'QuerySplittingBehavior' has been configured. By default, Entity Framework will use 'QuerySplittingBehavior.SingleQuery', which can potentially result in slow query performance. See https://go.microsoft.com/fwlink/?linkid=2134277 for more information. To identify the query that's triggering this warning call 'ConfigureWarnings(w => w.Throw(RelationalEventId.MultipleCollectionIncludeWarning))'.
2026-08-07 17:21:58.436 +04:00 [INF] GET /api/v1/stories responded 200 in 881ms (user: anonymous)
2026-08-07 17:53:45.514 +04:00 [WRN] As of ""2026-08-07T13:52:47.2437181+00:00"", the heartbeat has been running for ""00:00:19.0636216"" which is longer than ""00:00:01"". This could be caused by thread pool starvation.
2026-08-07 18:02:33.578 +04:00 [INF] OPTIONS /api/v1/auth/login responded 204 in 78ms (user: anonymous)
2026-08-07 18:02:41.797 +04:00 [INF] OPTIONS /api/v1/auth/login responded 204 in 7ms (user: anonymous)
2026-08-07 18:02:48.254 +04:00 [INF] POST /api/v1/auth/login responded 200 in 6406ms (user: anonymous)
2026-08-07 18:02:53.899 +04:00 [INF] OPTIONS /api/v1/profile responded 204 in 2ms (user: anonymous)
2026-08-07 18:02:53.905 +04:00 [INF] OPTIONS /api/v1/profile responded 204 in 0ms (user: anonymous)
2026-08-07 18:02:54.211 +04:00 [INF] GET /api/v1/profile responded 200 in 273ms (user: anonymous)
2026-08-07 18:02:54.224 +04:00 [INF] GET /api/v1/profile responded 200 in 9ms (user: anonymous)
2026-08-07 18:09:28.974 +04:00 [INF] OPTIONS /api/v1/profile responded 204 in 61ms (user: anonymous)
2026-08-07 18:09:29.010 +04:00 [INF] OPTIONS /api/v1/profile responded 204 in 4ms (user: anonymous)
2026-08-07 18:09:32.432 +04:00 [INF] GET /api/v1/profile responded 200 in 3050ms (user: anonymous)
2026-08-07 18:09:32.461 +04:00 [INF] GET /api/v1/profile responded 200 in 19ms (user: anonymous)
2026-08-07 22:07:44.927 +04:00 [WRN] Entity 'Story' has a global query filter defined and is the required end of a relationship with the entity 'Chapter'. This may lead to unexpected results when the required entity is filtered out. Either configure the navigation as optional, or define matching query filters for both entities in the navigation. See https://go.microsoft.com/fwlink/?linkid=2131316 for more information.
2026-08-07 22:07:45.010 +04:00 [WRN] Entity 'Story' has a global query filter defined and is the required end of a relationship with the entity 'DailyStoryReadLog'. This may lead to unexpected results when the required entity is filtered out. Either configure the navigation as optional, or define matching query filters for both entities in the navigation. See https://go.microsoft.com/fwlink/?linkid=2131316 for more information.
2026-08-07 22:07:45.014 +04:00 [WRN] Entity 'Story' has a global query filter defined and is the required end of a relationship with the entity 'FavoriteStory'. This may lead to unexpected results when the required entity is filtered out. Either configure the navigation as optional, or define matching query filters for both entities in the navigation. See https://go.microsoft.com/fwlink/?linkid=2131316 for more information.
2026-08-07 22:07:45.017 +04:00 [WRN] Entity 'Story' has a global query filter defined and is the required end of a relationship with the entity 'QuizAttempt'. This may lead to unexpected results when the required entity is filtered out. Either configure the navigation as optional, or define matching query filters for both entities in the navigation. See https://go.microsoft.com/fwlink/?linkid=2131316 for more information.
2026-08-07 22:07:45.019 +04:00 [WRN] Entity 'Story' has a global query filter defined and is the required end of a relationship with the entity 'ReadingHistory'. This may lead to unexpected results when the required entity is filtered out. Either configure the navigation as optional, or define matching query filters for both entities in the navigation. See https://go.microsoft.com/fwlink/?linkid=2131316 for more information.
2026-08-07 22:07:45.021 +04:00 [WRN] Entity 'Story' has a global query filter defined and is the required end of a relationship with the entity 'RemainingCorrectCounter'. This may lead to unexpected results when the required entity is filtered out. Either configure the navigation as optional, or define matching query filters for both entities in the navigation. See https://go.microsoft.com/fwlink/?linkid=2131316 for more information.
2026-08-07 22:07:45.024 +04:00 [WRN] Entity 'Story' has a global query filter defined and is the required end of a relationship with the entity 'Review'. This may lead to unexpected results when the required entity is filtered out. Either configure the navigation as optional, or define matching query filters for both entities in the navigation. See https://go.microsoft.com/fwlink/?linkid=2131316 for more information.
2026-08-07 22:07:45.027 +04:00 [WRN] Entity 'Story' has a global query filter defined and is the required end of a relationship with the entity 'UserProgress'. This may lead to unexpected results when the required entity is filtered out. Either configure the navigation as optional, or define matching query filters for both entities in the navigation. See https://go.microsoft.com/fwlink/?linkid=2131316 for more information.
2026-08-07 22:07:48.937 +04:00 [INF] Database seeding completed successfully.
2026-08-07 22:07:49.288 +04:00 [WRN] The WebRootPath was not found: C:\Users\user\Desktop\Final Project\EnglishLearningPlatform\EnglishLearningPlatform.API\wwwroot. Static files may be unavailable.
2026-08-07 22:07:50.378 +04:00 [INF] GET /swagger/index.html responded 200 in 98ms (user: anonymous)
2026-08-07 22:07:50.600 +04:00 [INF] GET /swagger/v1/swagger.json responded 200 in 79ms (user: anonymous)
2026-08-07 22:09:18.906 +04:00 [INF] OPTIONS /api/v1/auth/login responded 204 in 6ms (user: anonymous)
2026-08-07 22:09:19.660 +04:00 [INF] POST /api/v1/auth/login responded 200 in 728ms (user: anonymous)
2026-08-07 22:09:22.860 +04:00 [INF] OPTIONS /api/v1/profile responded 204 in 1ms (user: anonymous)
2026-08-07 22:09:22.861 +04:00 [INF] OPTIONS /api/v1/profile responded 204 in 2ms (user: anonymous)
2026-08-07 22:09:23.373 +04:00 [INF] GET /api/v1/profile responded 200 in 495ms (user: anonymous)
2026-08-07 22:09:23.409 +04:00 [INF] GET /api/v1/profile responded 200 in 34ms (user: anonymous)
2026-08-07 23:15:19.018 +04:00 [INF] GET /swagger/index.html responded 200 in 13ms (user: anonymous)
2026-08-07 23:15:19.401 +04:00 [INF] GET /swagger/v1/swagger.json responded 200 in 100ms (user: anonymous)
