2026-08-25 00:00:04.278 +04:00 [INF] OPTIONS /api/v1/vocabularies responded 204 in 0ms (user: anonymous)
2026-08-25 00:00:04.278 +04:00 [INF] OPTIONS /api/v1/profile responded 204 in 0ms (user: anonymous)
2026-08-25 00:00:04.325 +04:00 [INF] GET /api/v1/profile responded 200 in 24ms (user: anonymous)
2026-08-25 00:00:04.350 +04:00 [INF] GET /api/v1/vocabularies responded 200 in 53ms (user: anonymous)
2026-08-25 00:00:14.248 +04:00 [INF] OPTIONS /api/v1/profile responded 204 in 0ms (user: anonymous)
2026-08-25 00:00:14.248 +04:00 [INF] OPTIONS /api/v1/vocabularies responded 204 in 0ms (user: anonymous)
2026-08-25 00:00:14.288 +04:00 [INF] GET /api/v1/profile responded 200 in 23ms (user: anonymous)
2026-08-25 00:00:14.327 +04:00 [INF] GET /api/v1/vocabularies responded 200 in 54ms (user: anonymous)
2026-08-25 00:00:33.275 +04:00 [INF] OPTIONS /api/v1/vocabularies responded 204 in 0ms (user: anonymous)
2026-08-25 00:00:33.336 +04:00 [INF] GET /api/v1/vocabularies responded 200 in 53ms (user: anonymous)
2026-08-25 00:00:42.313 +04:00 [INF] OPTIONS /api/v1/vocabularies responded 204 in 0ms (user: anonymous)
2026-08-25 00:00:42.384 +04:00 [INF] GET /api/v1/vocabularies responded 200 in 59ms (user: anonymous)
2026-08-25 00:01:45.198 +04:00 [WRN] Entity 'Story' has a global query filter defined and is the required end of a relationship with the entity 'Chapter'. This may lead to unexpected results when the required entity is filtered out. Either configure the navigation as optional, or define matching query filters for both entities in the navigation. See https://go.microsoft.com/fwlink/?linkid=2131316 for more information.
2026-08-25 00:01:45.222 +04:00 [WRN] Entity 'Story' has a global query filter defined and is the required end of a relationship with the entity 'DailyStoryReadLog'. This may lead to unexpected results when the required entity is filtered out. Either configure the navigation as optional, or define matching query filters for both entities in the navigation. See https://go.microsoft.com/fwlink/?linkid=2131316 for more information.
2026-08-25 00:01:45.224 +04:00 [WRN] Entity 'Story' has a global query filter defined and is the required end of a relationship with the entity 'FavoriteStory'. This may lead to unexpected results when the required entity is filtered out. Either configure the navigation as optional, or define matching query filters for both entities in the navigation. See https://go.microsoft.com/fwlink/?linkid=2131316 for more information.
2026-08-25 00:01:45.227 +04:00 [WRN] Entity 'Story' has a global query filter defined and is the required end of a relationship with the entity 'QuizAttempt'. This may lead to unexpected results when the required entity is filtered out. Either configure the navigation as optional, or define matching query filters for both entities in the navigation. See https://go.microsoft.com/fwlink/?linkid=2131316 for more information.
2026-08-25 00:01:45.229 +04:00 [WRN] Entity 'Story' has a global query filter defined and is the required end of a relationship with the entity 'ReadingHistory'. This may lead to unexpected results when the required entity is filtered out. Either configure the navigation as optional, or define matching query filters for both entities in the navigation. See https://go.microsoft.com/fwlink/?linkid=2131316 for more information.
2026-08-25 00:01:45.231 +04:00 [WRN] Entity 'Story' has a global query filter defined and is the required end of a relationship with the entity 'RemainingCorrectCounter'. This may lead to unexpected results when the required entity is filtered out. Either configure the navigation as optional, or define matching query filters for both entities in the navigation. See https://go.microsoft.com/fwlink/?linkid=2131316 for more information.
2026-08-25 00:01:45.232 +04:00 [WRN] Entity 'Story' has a global query filter defined and is the required end of a relationship with the entity 'Review'. This may lead to unexpected results when the required entity is filtered out. Either configure the navigation as optional, or define matching query filters for both entities in the navigation. See https://go.microsoft.com/fwlink/?linkid=2131316 for more information.
2026-08-25 00:01:45.233 +04:00 [WRN] Entity 'Story' has a global query filter defined and is the required end of a relationship with the entity 'UserProgress'. This may lead to unexpected results when the required entity is filtered out. Either configure the navigation as optional, or define matching query filters for both entities in the navigation. See https://go.microsoft.com/fwlink/?linkid=2131316 for more information.
2026-08-25 00:01:46.095 +04:00 [INF] Database seeding completed successfully.
2026-08-25 00:01:46.498 +04:00 [INF] GET /swagger/index.html responded 200 in 31ms (user: anonymous)
2026-08-25 00:01:46.672 +04:00 [INF] GET /swagger/v1/swagger.json responded 200 in 21ms (user: anonymous)
2026-08-25 00:03:18.554 +04:00 [INF] OPTIONS /api/v1/auth/refresh-token responded 204 in 2ms (user: anonymous)
2026-08-25 00:03:19.037 +04:00 [INF] POST /api/v1/auth/refresh-token responded 200 in 444ms (user: anonymous)
2026-08-25 00:03:19.052 +04:00 [INF] OPTIONS /api/v1/profile responded 204 in 0ms (user: anonymous)
2026-08-25 00:03:19.052 +04:00 [INF] OPTIONS /api/v1/profile responded 204 in 0ms (user: anonymous)
2026-08-25 00:03:19.053 +04:00 [INF] OPTIONS /api/v1/profile responded 204 in 0ms (user: anonymous)
2026-08-25 00:03:19.053 +04:00 [INF] OPTIONS /api/v1/profile responded 204 in 0ms (user: anonymous)
2026-08-25 00:03:19.708 +04:00 [INF] GET /api/v1/profile responded 200 in 638ms (user: anonymous)
2026-08-25 00:03:19.764 +04:00 [INF] GET /api/v1/profile responded 200 in 53ms (user: anonymous)
2026-08-25 00:03:19.829 +04:00 [INF] GET /api/v1/profile responded 200 in 62ms (user: anonymous)
2026-08-25 00:03:19.890 +04:00 [INF] GET /api/v1/profile responded 200 in 57ms (user: anonymous)
2026-08-25 00:04:22.080 +04:00 [INF] OPTIONS /api/v1/profile responded 204 in 0ms (user: anonymous)
2026-08-25 00:04:22.080 +04:00 [INF] OPTIONS /api/v1/profile responded 204 in 0ms (user: anonymous)
2026-08-25 00:04:22.151 +04:00 [INF] GET /api/v1/profile responded 200 in 56ms (user: anonymous)
2026-08-25 00:04:22.216 +04:00 [INF] GET /api/v1/profile responded 200 in 61ms (user: anonymous)
2026-08-25 00:04:30.081 +04:00 [INF] OPTIONS /api/v1/profile responded 204 in 0ms (user: anonymous)
2026-08-25 00:04:30.081 +04:00 [INF] OPTIONS /api/v1/profile responded 204 in 0ms (user: anonymous)
2026-08-25 00:04:30.114 +04:00 [INF] GET /api/v1/profile responded 200 in 20ms (user: anonymous)
2026-08-25 00:04:30.139 +04:00 [INF] GET /api/v1/profile responded 200 in 23ms (user: anonymous)
2026-08-25 00:04:59.075 +04:00 [INF] OPTIONS /api/v1/profile responded 204 in 0ms (user: anonymous)
2026-08-25 00:04:59.075 +04:00 [INF] OPTIONS /api/v1/profile responded 204 in 0ms (user: anonymous)
2026-08-25 00:04:59.075 +04:00 [INF] OPTIONS /api/v1/profile responded 204 in 0ms (user: anonymous)
2026-08-25 00:04:59.076 +04:00 [INF] OPTIONS /api/v1/profile responded 204 in 0ms (user: anonymous)
2026-08-25 00:04:59.107 +04:00 [INF] GET /api/v1/profile responded 200 in 25ms (user: anonymous)
2026-08-25 00:04:59.133 +04:00 [INF] GET /api/v1/profile responded 200 in 24ms (user: anonymous)
2026-08-25 00:04:59.162 +04:00 [INF] GET /api/v1/profile responded 200 in 26ms (user: anonymous)
2026-08-25 00:04:59.187 +04:00 [INF] GET /api/v1/profile responded 200 in 22ms (user: anonymous)
2026-08-25 00:06:42.652 +04:00 [INF] OPTIONS /api/v1/profile responded 204 in 0ms (user: anonymous)
2026-08-25 00:06:42.652 +04:00 [INF] OPTIONS /api/v1/profile responded 204 in 0ms (user: anonymous)
2026-08-25 00:06:42.674 +04:00 [INF] GET /api/v1/profile responded 200 in 16ms (user: anonymous)
2026-08-25 00:06:42.693 +04:00 [INF] GET /api/v1/profile responded 200 in 17ms (user: anonymous)
2026-08-25 00:06:47.144 +04:00 [INF] OPTIONS /api/v1/vocabularies responded 204 in 0ms (user: anonymous)
2026-08-25 00:06:47.144 +04:00 [INF] OPTIONS /api/v1/vocabularies responded 204 in 0ms (user: anonymous)
2026-08-25 00:06:47.171 +04:00 [INF] GET /api/v1/profile responded 200 in 27ms (user: anonymous)
2026-08-25 00:06:47.200 +04:00 [INF] GET /api/v1/profile responded 200 in 24ms (user: anonymous)
2026-08-25 00:06:47.330 +04:00 [INF] GET /api/v1/vocabularies responded 200 in 181ms (user: anonymous)
2026-08-25 00:06:47.392 +04:00 [INF] GET /api/v1/vocabularies responded 200 in 63ms (user: anonymous)
2026-08-25 00:06:47.654 +04:00 [INF] GET /api/v1/vocabularies responded 200 in 113ms (user: anonymous)
2026-08-25 00:06:47.687 +04:00 [INF] OPTIONS /api/v1/translations/translate responded 204 in 0ms (user: anonymous)
2026-08-25 00:06:47.782 +04:00 [INF] GET /api/v1/vocabularies responded 200 in 121ms (user: anonymous)
2026-08-25 00:06:49.666 +04:00 [INF] POST /api/v1/translations/translate responded 200 in 1965ms (user: anonymous)
2026-08-25 00:06:57.828 +04:00 [INF] OPTIONS /api/v1/profile responded 204 in 0ms (user: anonymous)
2026-08-25 00:06:57.828 +04:00 [INF] OPTIONS /api/v1/profile responded 204 in 0ms (user: anonymous)
2026-08-25 00:06:57.828 +04:00 [INF] OPTIONS /api/v1/profile responded 204 in 0ms (user: anonymous)
2026-08-25 00:06:57.828 +04:00 [INF] OPTIONS /api/v1/profile responded 204 in 0ms (user: anonymous)
2026-08-25 00:06:57.871 +04:00 [INF] GET /api/v1/profile responded 200 in 30ms (user: anonymous)
2026-08-25 00:06:57.894 +04:00 [INF] GET /api/v1/profile responded 200 in 20ms (user: anonymous)
2026-08-25 00:06:57.922 +04:00 [INF] GET /api/v1/profile responded 200 in 24ms (user: anonymous)
2026-08-25 00:06:57.949 +04:00 [INF] GET /api/v1/profile responded 200 in 24ms (user: anonymous)
2026-08-25 00:07:07.682 +04:00 [INF] OPTIONS /api/v1/profile responded 204 in 0ms (user: anonymous)
2026-08-25 00:07:07.735 +04:00 [INF] PUT /api/v1/profile responded 200 in 44ms (user: anonymous)
2026-08-25 00:07:07.772 +04:00 [INF] GET /api/v1/profile responded 200 in 25ms (user: anonymous)
2026-08-25 00:07:07.807 +04:00 [INF] GET /api/v1/profile responded 200 in 21ms (user: anonymous)
2026-08-25 00:07:07.831 +04:00 [INF] GET /api/v1/profile responded 200 in 21ms (user: anonymous)
2026-08-25 00:08:45.553 +04:00 [INF] OPTIONS /api/v1/profile responded 204 in 0ms (user: anonymous)
2026-08-25 00:08:45.553 +04:00 [INF] OPTIONS /api/v1/profile responded 204 in 0ms (user: anonymous)
2026-08-25 00:08:45.553 +04:00 [INF] OPTIONS /api/v1/profile responded 204 in 0ms (user: anonymous)
2026-08-25 00:08:45.554 +04:00 [INF] OPTIONS /api/v1/profile responded 204 in 0ms (user: anonymous)
2026-08-25 00:08:45.589 +04:00 [INF] GET /api/v1/profile responded 200 in 23ms (user: anonymous)
2026-08-25 00:08:45.617 +04:00 [INF] GET /api/v1/profile responded 200 in 25ms (user: anonymous)
2026-08-25 00:08:45.644 +04:00 [INF] GET /api/v1/profile responded 200 in 23ms (user: anonymous)
2026-08-25 00:08:45.667 +04:00 [INF] GET /api/v1/profile responded 200 in 22ms (user: anonymous)
2026-08-25 00:08:59.037 +04:00 [INF] OPTIONS /api/v1/vocabularies responded 204 in 0ms (user: anonymous)
2026-08-25 00:08:59.037 +04:00 [INF] OPTIONS /api/v1/profile responded 204 in 0ms (user: anonymous)
2026-08-25 00:08:59.037 +04:00 [INF] OPTIONS /api/v1/vocabularies responded 204 in 0ms (user: anonymous)
2026-08-25 00:08:59.037 +04:00 [INF] OPTIONS /api/v1/profile responded 204 in 0ms (user: anonymous)
2026-08-25 00:08:59.075 +04:00 [INF] GET /api/v1/profile responded 200 in 21ms (user: anonymous)
2026-08-25 00:08:59.092 +04:00 [INF] GET /api/v1/profile responded 200 in 15ms (user: anonymous)
2026-08-25 00:08:59.092 +04:00 [INF] GET /api/v1/vocabularies responded 200 in 44ms (user: anonymous)
2026-08-25 00:08:59.144 +04:00 [INF] GET /api/v1/vocabularies responded 200 in 50ms (user: anonymous)
2026-08-25 00:08:59.541 +04:00 [INF] GET /api/v1/vocabularies responded 200 in 106ms (user: anonymous)
2026-08-25 00:08:59.603 +04:00 [INF] OPTIONS /api/v1/translations/translate responded 204 in 0ms (user: anonymous)
2026-08-25 00:08:59.689 +04:00 [INF] GET /api/v1/vocabularies responded 200 in 145ms (user: anonymous)
2026-08-25 00:09:01.140 +04:00 [INF] POST /api/v1/translations/translate responded 200 in 1520ms (user: anonymous)
2026-08-25 00:09:12.216 +04:00 [INF] OPTIONS /api/v1/profile responded 204 in 0ms (user: anonymous)
2026-08-25 00:09:12.216 +04:00 [INF] OPTIONS /api/v1/profile responded 204 in 0ms (user: anonymous)
2026-08-25 00:09:12.216 +04:00 [INF] OPTIONS /api/v1/profile responded 204 in 0ms (user: anonymous)
2026-08-25 00:09:12.216 +04:00 [INF] OPTIONS /api/v1/profile responded 204 in 0ms (user: anonymous)
2026-08-25 00:09:12.248 +04:00 [INF] GET /api/v1/profile responded 200 in 25ms (user: anonymous)
2026-08-25 00:09:12.273 +04:00 [INF] GET /api/v1/profile responded 200 in 22ms (user: anonymous)
2026-08-25 00:09:12.301 +04:00 [INF] GET /api/v1/profile responded 200 in 26ms (user: anonymous)
2026-08-25 00:09:12.329 +04:00 [INF] GET /api/v1/profile responded 200 in 25ms (user: anonymous)
2026-08-25 00:09:45.212 +04:00 [INF] OPTIONS /api/v1/profile responded 204 in 0ms (user: anonymous)
2026-08-25 00:09:45.246 +04:00 [INF] GET /api/v1/profile responded 200 in 23ms (user: anonymous)
2026-08-25 00:09:53.494 +04:00 [INF] OPTIONS /api/v1/profile responded 204 in 0ms (user: anonymous)
2026-08-25 00:09:53.507 +04:00 [INF] PUT /api/v1/profile responded 200 in 7ms (user: anonymous)
2026-08-25 00:09:53.540 +04:00 [INF] GET /api/v1/profile responded 200 in 24ms (user: anonymous)
2026-08-25 00:09:53.575 +04:00 [INF] GET /api/v1/profile responded 200 in 22ms (user: anonymous)
2026-08-25 00:09:53.603 +04:00 [INF] GET /api/v1/profile responded 200 in 25ms (user: anonymous)
2026-08-25 00:09:54.755 +04:00 [INF] PUT /api/v1/profile responded 200 in 7ms (user: anonymous)
2026-08-25 00:09:54.798 +04:00 [INF] GET /api/v1/profile responded 200 in 28ms (user: anonymous)
2026-08-25 00:09:54.835 +04:00 [INF] GET /api/v1/profile responded 200 in 20ms (user: anonymous)
2026-08-25 00:09:54.854 +04:00 [INF] GET /api/v1/profile responded 200 in 17ms (user: anonymous)
2026-08-25 00:09:59.937 +04:00 [INF] OPTIONS /api/v1/profile responded 204 in 0ms (user: anonymous)
2026-08-25 00:09:59.937 +04:00 [INF] OPTIONS /api/v1/profile responded 204 in 0ms (user: anonymous)
2026-08-25 00:09:59.937 +04:00 [INF] OPTIONS /api/v1/profile responded 204 in 0ms (user: anonymous)
2026-08-25 00:09:59.940 +04:00 [INF] OPTIONS /api/v1/profile responded 204 in 0ms (user: anonymous)
2026-08-25 00:09:59.973 +04:00 [INF] GET /api/v1/profile responded 200 in 22ms (user: anonymous)
2026-08-25 00:09:59.992 +04:00 [INF] GET /api/v1/profile responded 200 in 17ms (user: anonymous)
2026-08-25 00:10:00.014 +04:00 [INF] GET /api/v1/profile responded 200 in 19ms (user: anonymous)
2026-08-25 00:10:00.045 +04:00 [INF] GET /api/v1/profile responded 200 in 27ms (user: anonymous)
2026-08-25 00:10:00.903 +04:00 [INF] GET /api/v1/profile responded 200 in 23ms (user: anonymous)
2026-08-25 00:10:00.925 +04:00 [INF] GET /api/v1/profile responded 200 in 19ms (user: anonymous)
2026-08-25 00:10:00.947 +04:00 [INF] GET /api/v1/profile responded 200 in 18ms (user: anonymous)
2026-08-25 00:10:00.965 +04:00 [INF] GET /api/v1/profile responded 200 in 17ms (user: anonymous)
2026-08-25 00:10:01.113 +04:00 [INF] GET /api/v1/profile responded 200 in 28ms (user: anonymous)
2026-08-25 00:10:01.140 +04:00 [INF] GET /api/v1/profile responded 200 in 25ms (user: anonymous)
2026-08-25 00:10:01.163 +04:00 [INF] GET /api/v1/profile responded 200 in 21ms (user: anonymous)
2026-08-25 00:10:01.187 +04:00 [INF] GET /api/v1/profile responded 200 in 21ms (user: anonymous)
2026-08-25 00:10:01.278 +04:00 [INF] GET /api/v1/profile responded 200 in 21ms (user: anonymous)
2026-08-25 00:10:01.307 +04:00 [INF] GET /api/v1/profile responded 200 in 26ms (user: anonymous)
2026-08-25 00:10:01.331 +04:00 [INF] GET /api/v1/profile responded 200 in 20ms (user: anonymous)
2026-08-25 00:10:01.345 +04:00 [INF] GET /api/v1/profile responded 200 in 13ms (user: anonymous)
2026-08-25 00:10:01.449 +04:00 [INF] GET /api/v1/profile responded 200 in 31ms (user: anonymous)
2026-08-25 00:10:01.486 +04:00 [INF] GET /api/v1/profile responded 200 in 32ms (user: anonymous)
2026-08-25 00:10:01.506 +04:00 [ERR] Unhandled exception on /api/v1/profile
System.Threading.Tasks.TaskCanceledException: A task was canceled.
   at Microsoft.EntityFrameworkCore.Query.Internal.BufferedDataReader.BufferedDataRecord.InitializeAsync(DbDataReader reader, IReadOnlyList`1 columns, CancellationToken cancellationToken)
   at Microsoft.EntityFrameworkCore.Query.Internal.BufferedDataReader.InitializeAsync(IReadOnlyList`1 columns, CancellationToken cancellationToken)
   at Microsoft.EntityFrameworkCore.Query.Internal.BufferedDataReader.InitializeAsync(IReadOnlyList`1 columns, CancellationToken cancellationToken)
   at Microsoft.EntityFrameworkCore.Storage.RelationalCommand.ExecuteReaderAsync(RelationalCommandParameterObject parameterObject, CancellationToken cancellationToken)
   at Microsoft.EntityFrameworkCore.Storage.RelationalCommand.ExecuteReaderAsync(RelationalCommandParameterObject parameterObject, CancellationToken cancellationToken)
   at Microsoft.EntityFrameworkCore.Query.Internal.SingleQueryingEnumerable`1.AsyncEnumerator.InitializeReaderAsync(AsyncEnumerator enumerator, CancellationToken cancellationToken)
   at Microsoft.EntityFrameworkCore.Storage.ExecutionStrategy.<>c__DisplayClass30_0`2.<<ExecuteAsync>b__0>d.MoveNext()
--- End of stack trace from previous location ---
   at Microsoft.EntityFrameworkCore.Storage.ExecutionStrategy.ExecuteImplementationAsync[TState,TResult](Func`4 operation, Func`4 verifySucceeded, TState state, CancellationToken cancellationToken)
   at Microsoft.EntityFrameworkCore.Storage.ExecutionStrategy.ExecuteImplementationAsync[TState,TResult](Func`4 operation, Func`4 verifySucceeded, TState state, CancellationToken cancellationToken)
   at Microsoft.EntityFrameworkCore.Storage.ExecutionStrategy.ExecuteAsync[TState,TResult](TState state, Func`4 operation, Func`4 verifySucceeded, CancellationToken cancellationToken)
   at Microsoft.EntityFrameworkCore.Query.Internal.SingleQueryingEnumerable`1.AsyncEnumerator.MoveNextAsync()
   at Microsoft.EntityFrameworkCore.EntityFrameworkQueryableExtensions.ToListAsync[TSource](IQueryable`1 source, CancellationToken cancellationToken)
   at Microsoft.EntityFrameworkCore.EntityFrameworkQueryableExtensions.ToListAsync[TSource](IQueryable`1 source, CancellationToken cancellationToken)
   at EnglishLearningPlatform.Persistence.Repositories.ReadingHistoryRepository.GetByUserIdAsync(Guid userId, CancellationToken cancellationToken) in C:\Users\Ravan999\Desktop\Aygun-Final\Final-Project-ReadLingo-Back\EnglishLearningPlatform.Persistence\Repositories\ReadingHistoryRepository .cs:line 20
   at EnglishLearningPlatform.Application.Services.ProfileService.GetAsync(Guid userId, CancellationToken cancellationToken) in C:\Users\Ravan999\Desktop\Aygun-Final\Final-Project-ReadLingo-Back\EnglishLearningPlatform.Application\Services\ProfileService .cs:line 59
   at EnglishLearningPlatform.API.Controllers.V1.ProfileController.Get(CancellationToken cancellationToken) in C:\Users\Ravan999\Desktop\Aygun-Final\Final-Project-ReadLingo-Back\EnglishLearningPlatform.API\Controllers\V1\ProfileController.cs:line 28
   at Microsoft.AspNetCore.Mvc.Infrastructure.ActionMethodExecutor.TaskOfIActionResultExecutor.Execute(ActionContext actionContext, IActionResultTypeMapper mapper, ObjectMethodExecutor executor, Object controller, Object[] arguments)
   at Microsoft.AspNetCore.Mvc.Infrastructure.ControllerActionInvoker.<InvokeActionMethodAsync>g__Awaited|12_0(ControllerActionInvoker invoker, ValueTask`1 actionResultValueTask)
   at Microsoft.AspNetCore.Mvc.Infrastructure.ControllerActionInvoker.<InvokeNextActionFilterAsync>g__Awaited|10_0(ControllerActionInvoker invoker, Task lastTask, State next, Scope scope, Object state, Boolean isCompleted)
   at Microsoft.AspNetCore.Mvc.Infrastructure.ControllerActionInvoker.Rethrow(ActionExecutedContextSealed context)
   at Microsoft.AspNetCore.Mvc.Infrastructure.ControllerActionInvoker.Next(State& next, Scope& scope, Object& state, Boolean& isCompleted)
   at Microsoft.AspNetCore.Mvc.Infrastructure.ControllerActionInvoker.<InvokeInnerFilterAsync>g__Awaited|13_0(ControllerActionInvoker invoker, Task lastTask, State next, Scope scope, Object state, Boolean isCompleted)
   at Microsoft.AspNetCore.Mvc.Infrastructure.ResourceInvoker.<InvokeFilterPipelineAsync>g__Awaited|20_0(ResourceInvoker invoker, Task lastTask, State next, Scope scope, Object state, Boolean isCompleted)
   at Microsoft.AspNetCore.Mvc.Infrastructure.ResourceInvoker.<InvokeAsync>g__Awaited|17_0(ResourceInvoker invoker, Task task, IDisposable scope)
   at Microsoft.AspNetCore.Mvc.Infrastructure.ResourceInvoker.<InvokeAsync>g__Awaited|17_0(ResourceInvoker invoker, Task task, IDisposable scope)
   at Microsoft.AspNetCore.RateLimiting.RateLimitingMiddleware.InvokeInternal(HttpContext context, EnableRateLimitingAttribute enableRateLimitingAttribute)
   at Microsoft.AspNetCore.Authorization.AuthorizationMiddleware.Invoke(HttpContext context)
   at Microsoft.AspNetCore.Authentication.AuthenticationMiddleware.Invoke(HttpContext context)
   at Swashbuckle.AspNetCore.SwaggerUI.SwaggerUIMiddleware.Invoke(HttpContext httpContext)
   at Swashbuckle.AspNetCore.Swagger.SwaggerMiddleware.Invoke(HttpContext httpContext, ISwaggerProvider swaggerProvider)
   at EnglishLearningPlatform.API.Middlewares.RequestLoggingMiddleware.InvokeAsync(HttpContext context) in C:\Users\Ravan999\Desktop\Aygun-Final\Final-Project-ReadLingo-Back\EnglishLearningPlatform.API\Middlewares\RequestLoggingMiddleware.cs:line 24
   at EnglishLearningPlatform.API.Middlewares.ExceptionHandlingMiddleware.InvokeAsync(HttpContext context) in C:\Users\Ravan999\Desktop\Aygun-Final\Final-Project-ReadLingo-Back\EnglishLearningPlatform.API\Middlewares\ExceptionHandlingMiddleware.cs:line 27
2026-08-25 00:10:01.575 +04:00 [INF] GET /api/v1/profile responded 200 in 20ms (user: anonymous)
2026-08-25 00:10:01.600 +04:00 [INF] GET /api/v1/profile responded 200 in 22ms (user: anonymous)
2026-08-25 00:10:01.704 +04:00 [INF] GET /api/v1/profile responded 200 in 25ms (user: anonymous)
2026-08-25 00:10:01.724 +04:00 [INF] GET /api/v1/profile responded 200 in 17ms (user: anonymous)
2026-08-25 00:10:01.745 +04:00 [INF] GET /api/v1/profile responded 200 in 20ms (user: anonymous)
2026-08-25 00:10:01.762 +04:00 [INF] GET /api/v1/profile responded 200 in 15ms (user: anonymous)
2026-08-25 00:10:07.197 +04:00 [INF] OPTIONS /api/v1/profile responded 204 in 0ms (user: anonymous)
2026-08-25 00:10:07.197 +04:00 [INF] OPTIONS /api/v1/profile responded 204 in 0ms (user: anonymous)
2026-08-25 00:10:07.197 +04:00 [INF] OPTIONS /api/v1/profile responded 204 in 0ms (user: anonymous)
2026-08-25 00:10:07.198 +04:00 [INF] OPTIONS /api/v1/profile responded 204 in 0ms (user: anonymous)
2026-08-25 00:10:07.228 +04:00 [INF] GET /api/v1/profile responded 200 in 16ms (user: anonymous)
2026-08-25 00:10:07.246 +04:00 [INF] GET /api/v1/profile responded 200 in 16ms (user: anonymous)
2026-08-25 00:10:07.265 +04:00 [INF] GET /api/v1/profile responded 200 in 16ms (user: anonymous)
2026-08-25 00:10:07.286 +04:00 [INF] GET /api/v1/profile responded 200 in 19ms (user: anonymous)
2026-08-25 00:10:30.903 +04:00 [INF] OPTIONS /api/v1/auth/logout responded 204 in 0ms (user: anonymous)
2026-08-25 00:10:30.932 +04:00 [INF] POST /api/v1/auth/logout responded 200 in 24ms (user: anonymous)
2026-08-25 00:13:06.430 +04:00 [INF] OPTIONS /api/v1/auth/login responded 204 in 0ms (user: anonymous)
2026-08-25 00:13:06.585 +04:00 [INF] POST /api/v1/auth/login responded 200 in 142ms (user: anonymous)
2026-08-25 00:13:06.609 +04:00 [INF] OPTIONS /api/v1/profile responded 204 in 0ms (user: anonymous)
2026-08-25 00:13:06.609 +04:00 [INF] OPTIONS /api/v1/stories responded 204 in 0ms (user: anonymous)
2026-08-25 00:13:06.609 +04:00 [INF] OPTIONS /api/v1/profile responded 204 in 0ms (user: anonymous)
2026-08-25 00:13:06.610 +04:00 [INF] OPTIONS /api/v1/favorites responded 204 in 0ms (user: anonymous)
2026-08-25 00:13:06.611 +04:00 [INF] OPTIONS /api/v1/profile responded 204 in 0ms (user: anonymous)
2026-08-25 00:13:06.611 +04:00 [INF] OPTIONS /api/v1/profile responded 204 in 0ms (user: anonymous)
2026-08-25 00:13:06.612 +04:00 [INF] OPTIONS /api/v1/stories responded 204 in 0ms (user: anonymous)
2026-08-25 00:13:06.612 +04:00 [INF] OPTIONS /api/v1/favorites responded 204 in 0ms (user: anonymous)
2026-08-25 00:13:06.643 +04:00 [INF] GET /api/v1/profile responded 200 in 29ms (user: anonymous)
2026-08-25 00:13:06.671 +04:00 [INF] GET /api/v1/profile responded 200 in 25ms (user: anonymous)
2026-08-25 00:13:06.697 +04:00 [INF] GET /api/v1/profile responded 200 in 24ms (user: anonymous)
2026-08-25 00:13:06.713 +04:00 [INF] GET /api/v1/favorites responded 200 in 85ms (user: anonymous)
2026-08-25 00:13:06.718 +04:00 [INF] GET /api/v1/favorites responded 200 in 3ms (user: anonymous)
2026-08-25 00:13:06.732 +04:00 [INF] GET /api/v1/profile responded 200 in 32ms (user: anonymous)
2026-08-25 00:13:06.744 +04:00 [WRN] Compiling a query which loads related collections for more than one collection navigation, either via 'Include' or through projection, but no 'QuerySplittingBehavior' has been configured. By default, Entity Framework will use 'QuerySplittingBehavior.SingleQuery', which can potentially result in slow query performance. See https://go.microsoft.com/fwlink/?linkid=2134277 for more information. To identify the query that's triggering this warning call 'ConfigureWarnings(w => w.Throw(RelationalEventId.MultipleCollectionIncludeWarning))'.
2026-08-25 00:13:06.795 +04:00 [INF] GET /api/v1/stories responded 200 in 176ms (user: anonymous)
2026-08-25 00:13:06.799 +04:00 [INF] GET /api/v1/stories responded 200 in 2ms (user: anonymous)
2026-08-25 00:13:18.749 +04:00 [INF] OPTIONS /api/v1/auth/logout responded 204 in 0ms (user: anonymous)
2026-08-25 00:13:18.762 +04:00 [INF] POST /api/v1/auth/logout responded 200 in 7ms (user: anonymous)
2026-08-25 00:13:53.946 +04:00 [INF] OPTIONS /api/v1/auth/login responded 204 in 0ms (user: anonymous)
2026-08-25 00:13:54.011 +04:00 [INF] POST /api/v1/auth/login responded 200 in 51ms (user: anonymous)
2026-08-25 00:13:54.047 +04:00 [INF] OPTIONS /api/v1/profile responded 204 in 0ms (user: anonymous)
2026-08-25 00:13:54.049 +04:00 [INF] OPTIONS /api/v1/favorites responded 204 in 0ms (user: anonymous)
2026-08-25 00:13:54.049 +04:00 [INF] OPTIONS /api/v1/profile responded 204 in 0ms (user: anonymous)
2026-08-25 00:13:54.050 +04:00 [INF] OPTIONS /api/v1/stories responded 204 in 0ms (user: anonymous)
2026-08-25 00:13:54.050 +04:00 [INF] OPTIONS /api/v1/profile responded 204 in 0ms (user: anonymous)
2026-08-25 00:13:54.050 +04:00 [INF] OPTIONS /api/v1/profile responded 204 in 0ms (user: anonymous)
2026-08-25 00:13:54.051 +04:00 [INF] OPTIONS /api/v1/stories responded 204 in 0ms (user: anonymous)
2026-08-25 00:13:54.051 +04:00 [INF] OPTIONS /api/v1/favorites responded 204 in 0ms (user: anonymous)
2026-08-25 00:13:54.059 +04:00 [INF] GET /api/v1/profile responded 200 in 6ms (user: anonymous)
2026-08-25 00:13:54.059 +04:00 [INF] GET /api/v1/favorites responded 200 in 2ms (user: anonymous)
2026-08-25 00:13:54.067 +04:00 [INF] GET /api/v1/stories responded 200 in 4ms (user: anonymous)
2026-08-25 00:13:54.069 +04:00 [INF] GET /api/v1/profile responded 200 in 7ms (user: anonymous)
2026-08-25 00:13:54.074 +04:00 [INF] GET /api/v1/stories responded 200 in 2ms (user: anonymous)
2026-08-25 00:13:54.080 +04:00 [INF] GET /api/v1/profile responded 200 in 8ms (user: anonymous)
2026-08-25 00:13:54.080 +04:00 [INF] GET /api/v1/profile responded 200 in 8ms (user: anonymous)
2026-08-25 00:13:54.080 +04:00 [INF] GET /api/v1/favorites responded 200 in 3ms (user: anonymous)
2026-08-25 00:13:56.192 +04:00 [INF] OPTIONS /api/v1/admin/dashboard responded 204 in 0ms (user: anonymous)
2026-08-25 00:13:56.192 +04:00 [INF] OPTIONS /api/v1/admin/dashboard responded 204 in 0ms (user: anonymous)
2026-08-25 00:13:56.273 +04:00 [INF] GET /api/v1/admin/dashboard responded 200 in 71ms (user: anonymous)
2026-08-25 00:13:56.283 +04:00 [INF] GET /api/v1/admin/dashboard responded 200 in 7ms (user: anonymous)
2026-08-25 00:13:56.330 +04:00 [INF] OPTIONS /api/v1/admin/users responded 204 in 0ms (user: anonymous)
2026-08-25 00:13:56.330 +04:00 [INF] OPTIONS /api/v1/story-categories responded 204 in 0ms (user: anonymous)
2026-08-25 00:13:56.331 +04:00 [INF] OPTIONS /api/v1/story-levels responded 204 in 0ms (user: anonymous)
2026-08-25 00:13:56.331 +04:00 [INF] OPTIONS /api/v1/story-categories responded 204 in 0ms (user: anonymous)
2026-08-25 00:13:56.331 +04:00 [INF] OPTIONS /api/v1/support-tickets responded 204 in 0ms (user: anonymous)
2026-08-25 00:13:56.331 +04:00 [INF] OPTIONS /api/v1/admin/users responded 204 in 0ms (user: anonymous)
2026-08-25 00:13:56.331 +04:00 [INF] OPTIONS /api/v1/story-levels responded 204 in 0ms (user: anonymous)
2026-08-25 00:13:56.331 +04:00 [INF] OPTIONS /api/v1/support-tickets responded 204 in 0ms (user: anonymous)
2026-08-25 00:13:56.334 +04:00 [INF] GET /api/v1/stories responded 200 in 1ms (user: anonymous)
2026-08-25 00:13:56.334 +04:00 [INF] GET /api/v1/favorites responded 200 in 1ms (user: anonymous)
2026-08-25 00:13:56.337 +04:00 [INF] GET /api/v1/stories responded 200 in 1ms (user: anonymous)
2026-08-25 00:13:56.338 +04:00 [INF] GET /api/v1/favorites responded 200 in 2ms (user: anonymous)
2026-08-25 00:13:56.339 +04:00 [INF] GET /api/v1/admin/dashboard responded 200 in 8ms (user: anonymous)
2026-08-25 00:13:56.348 +04:00 [INF] GET /api/v1/admin/dashboard responded 200 in 6ms (user: anonymous)
2026-08-25 00:13:56.383 +04:00 [INF] GET /api/v1/story-levels responded 200 in 34ms (user: anonymous)
2026-08-25 00:13:56.387 +04:00 [INF] GET /api/v1/story-levels responded 200 in 1ms (user: anonymous)
2026-08-25 00:13:56.395 +04:00 [INF] GET /api/v1/admin/users responded 200 in 57ms (user: anonymous)
2026-08-25 00:13:56.395 +04:00 [INF] GET /api/v1/story-categories responded 200 in 53ms (user: anonymous)
2026-08-25 00:13:56.399 +04:00 [INF] GET /api/v1/story-categories responded 200 in 0ms (user: anonymous)
2026-08-25 00:13:56.411 +04:00 [INF] GET /api/v1/support-tickets responded 200 in 44ms (user: anonymous)
2026-08-25 00:13:56.415 +04:00 [INF] GET /api/v1/admin/users responded 200 in 18ms (user: anonymous)
2026-08-25 00:13:56.416 +04:00 [INF] GET /api/v1/support-tickets responded 200 in 3ms (user: anonymous)
2026-08-25 00:15:51.981 +04:00 [INF] OPTIONS /api/v1/admin/dashboard responded 204 in 0ms (user: anonymous)
2026-08-25 00:15:51.981 +04:00 [INF] OPTIONS /api/v1/admin/users responded 204 in 0ms (user: anonymous)
2026-08-25 00:15:51.981 +04:00 [INF] OPTIONS /api/v1/favorites responded 204 in 0ms (user: anonymous)
2026-08-25 00:15:51.982 +04:00 [INF] OPTIONS /api/v1/stories responded 204 in 0ms (user: anonymous)
2026-08-25 00:15:51.982 +04:00 [INF] OPTIONS /api/v1/support-tickets responded 204 in 0ms (user: anonymous)
2026-08-25 00:15:51.983 +04:00 [INF] OPTIONS /api/v1/story-levels responded 204 in 0ms (user: anonymous)
2026-08-25 00:15:51.984 +04:00 [INF] OPTIONS /api/v1/story-categories responded 204 in 0ms (user: anonymous)
2026-08-25 00:15:51.998 +04:00 [INF] GET /api/v1/admin/dashboard responded 200 in 4ms (user: anonymous)
2026-08-25 00:15:52.005 +04:00 [INF] GET /api/v1/favorites responded 200 in 1ms (user: anonymous)
2026-08-25 00:15:52.017 +04:00 [INF] GET /api/v1/stories responded 200 in 8ms (user: anonymous)
2026-08-25 00:15:52.018 +04:00 [INF] GET /api/v1/support-tickets responded 200 in 5ms (user: anonymous)
2026-08-25 00:15:52.019 +04:00 [INF] GET /api/v1/story-levels responded 200 in 2ms (user: anonymous)
2026-08-25 00:15:52.022 +04:00 [INF] GET /api/v1/admin/users responded 200 in 23ms (user: anonymous)
2026-08-25 00:15:52.022 +04:00 [INF] GET /api/v1/story-categories responded 200 in 1ms (user: anonymous)
2026-08-25 00:16:06.163 +04:00 [INF] OPTIONS /api/v1/favorites responded 204 in 0ms (user: anonymous)
2026-08-25 00:16:06.163 +04:00 [INF] OPTIONS /api/v1/story-categories responded 204 in 0ms (user: anonymous)
2026-08-25 00:16:06.163 +04:00 [INF] OPTIONS /api/v1/stories responded 204 in 0ms (user: anonymous)
2026-08-25 00:16:06.163 +04:00 [INF] OPTIONS /api/v1/admin/dashboard responded 204 in 0ms (user: anonymous)
2026-08-25 00:16:06.163 +04:00 [INF] OPTIONS /api/v1/admin/users responded 204 in 0ms (user: anonymous)
2026-08-25 00:16:06.163 +04:00 [INF] OPTIONS /api/v1/story-levels responded 204 in 0ms (user: anonymous)
2026-08-25 00:16:06.163 +04:00 [INF] OPTIONS /api/v1/support-tickets responded 204 in 0ms (user: anonymous)
2026-08-25 00:16:06.176 +04:00 [INF] GET /api/v1/favorites responded 200 in 1ms (user: anonymous)
2026-08-25 00:16:06.187 +04:00 [INF] GET /api/v1/story-categories responded 200 in 0ms (user: anonymous)
2026-08-25 00:16:06.191 +04:00 [INF] GET /api/v1/stories responded 200 in 0ms (user: anonymous)
2026-08-25 00:16:06.198 +04:00 [INF] GET /api/v1/admin/dashboard responded 200 in 3ms (user: anonymous)
2026-08-25 00:16:06.203 +04:00 [INF] GET /api/v1/story-levels responded 200 in 0ms (user: anonymous)
2026-08-25 00:16:06.206 +04:00 [INF] GET /api/v1/admin/users responded 200 in 6ms (user: anonymous)
2026-08-25 00:16:06.206 +04:00 [INF] GET /api/v1/support-tickets responded 200 in 1ms (user: anonymous)
2026-08-25 00:16:15.094 +04:00 [INF] OPTIONS /api/v1/stories responded 204 in 0ms (user: anonymous)
2026-08-25 00:16:15.094 +04:00 [INF] OPTIONS /api/v1/admin/users responded 204 in 0ms (user: anonymous)
2026-08-25 00:16:15.094 +04:00 [INF] OPTIONS /api/v1/favorites responded 204 in 0ms (user: anonymous)
2026-08-25 00:16:15.094 +04:00 [INF] OPTIONS /api/v1/admin/dashboard responded 204 in 0ms (user: anonymous)
2026-08-25 00:16:15.094 +04:00 [INF] OPTIONS /api/v1/story-levels responded 204 in 0ms (user: anonymous)
2026-08-25 00:16:15.094 +04:00 [INF] OPTIONS /api/v1/story-categories responded 204 in 0ms (user: anonymous)
2026-08-25 00:16:15.094 +04:00 [INF] OPTIONS /api/v1/support-tickets responded 204 in 0ms (user: anonymous)
2026-08-25 00:16:15.122 +04:00 [INF] GET /api/v1/story-categories responded 200 in 0ms (user: anonymous)
2026-08-25 00:16:15.106 +04:00 [INF] GET /api/v1/stories responded 200 in 1ms (user: anonymous)
2026-08-25 00:16:15.116 +04:00 [INF] GET /api/v1/favorites responded 200 in 1ms (user: anonymous)
2026-08-25 00:16:15.120 +04:00 [INF] GET /api/v1/story-levels responded 200 in 0ms (user: anonymous)
2026-08-25 00:16:15.120 +04:00 [INF] GET /api/v1/admin/users responded 200 in 10ms (user: anonymous)
2026-08-25 00:16:15.121 +04:00 [INF] GET /api/v1/admin/dashboard responded 200 in 3ms (user: anonymous)
2026-08-25 00:16:15.125 +04:00 [INF] GET /api/v1/support-tickets responded 200 in 1ms (user: anonymous)
