2026-08-24 00:17:20.221 +04:00 [WRN] Entity 'Story' has a global query filter defined and is the required end of a relationship with the entity 'Chapter'. This may lead to unexpected results when the required entity is filtered out. Either configure the navigation as optional, or define matching query filters for both entities in the navigation. See https://go.microsoft.com/fwlink/?linkid=2131316 for more information.
2026-08-24 00:17:20.253 +04:00 [WRN] Entity 'Story' has a global query filter defined and is the required end of a relationship with the entity 'DailyStoryReadLog'. This may lead to unexpected results when the required entity is filtered out. Either configure the navigation as optional, or define matching query filters for both entities in the navigation. See https://go.microsoft.com/fwlink/?linkid=2131316 for more information.
2026-08-24 00:17:20.259 +04:00 [WRN] Entity 'Story' has a global query filter defined and is the required end of a relationship with the entity 'FavoriteStory'. This may lead to unexpected results when the required entity is filtered out. Either configure the navigation as optional, or define matching query filters for both entities in the navigation. See https://go.microsoft.com/fwlink/?linkid=2131316 for more information.
2026-08-24 00:17:20.265 +04:00 [WRN] Entity 'Story' has a global query filter defined and is the required end of a relationship with the entity 'QuizAttempt'. This may lead to unexpected results when the required entity is filtered out. Either configure the navigation as optional, or define matching query filters for both entities in the navigation. See https://go.microsoft.com/fwlink/?linkid=2131316 for more information.
2026-08-24 00:17:20.267 +04:00 [WRN] Entity 'Story' has a global query filter defined and is the required end of a relationship with the entity 'ReadingHistory'. This may lead to unexpected results when the required entity is filtered out. Either configure the navigation as optional, or define matching query filters for both entities in the navigation. See https://go.microsoft.com/fwlink/?linkid=2131316 for more information.
2026-08-24 00:17:20.268 +04:00 [WRN] Entity 'Story' has a global query filter defined and is the required end of a relationship with the entity 'RemainingCorrectCounter'. This may lead to unexpected results when the required entity is filtered out. Either configure the navigation as optional, or define matching query filters for both entities in the navigation. See https://go.microsoft.com/fwlink/?linkid=2131316 for more information.
2026-08-24 00:17:20.269 +04:00 [WRN] Entity 'Story' has a global query filter defined and is the required end of a relationship with the entity 'Review'. This may lead to unexpected results when the required entity is filtered out. Either configure the navigation as optional, or define matching query filters for both entities in the navigation. See https://go.microsoft.com/fwlink/?linkid=2131316 for more information.
2026-08-24 00:17:20.270 +04:00 [WRN] Entity 'Story' has a global query filter defined and is the required end of a relationship with the entity 'UserProgress'. This may lead to unexpected results when the required entity is filtered out. Either configure the navigation as optional, or define matching query filters for both entities in the navigation. See https://go.microsoft.com/fwlink/?linkid=2131316 for more information.
2026-08-24 00:17:21.840 +04:00 [INF] Database seeding completed successfully.
2026-08-24 00:17:22.394 +04:00 [INF] GET /swagger/index.html responded 200 in 32ms (user: anonymous)
2026-08-24 00:17:22.644 +04:00 [INF] GET /swagger/v1/swagger.json responded 200 in 16ms (user: anonymous)
2026-08-24 00:17:26.246 +04:00 [INF] OPTIONS /api/v1/auth/login responded 204 in 1ms (user: anonymous)
2026-08-24 00:17:26.488 +04:00 [INF] POST /api/v1/auth/login responded 200 in 221ms (user: anonymous)
2026-08-24 00:17:26.520 +04:00 [INF] OPTIONS /api/v1/profile responded 204 in 0ms (user: anonymous)
2026-08-24 00:17:26.520 +04:00 [INF] OPTIONS /api/v1/profile responded 204 in 0ms (user: anonymous)
2026-08-24 00:17:26.520 +04:00 [INF] OPTIONS /api/v1/profile responded 204 in 0ms (user: anonymous)
2026-08-24 00:17:26.520 +04:00 [INF] OPTIONS /api/v1/profile responded 204 in 0ms (user: anonymous)
2026-08-24 00:17:26.520 +04:00 [INF] OPTIONS /api/v1/stories responded 204 in 0ms (user: anonymous)
2026-08-24 00:17:26.520 +04:00 [INF] OPTIONS /api/v1/favorites responded 204 in 0ms (user: anonymous)
2026-08-24 00:17:26.520 +04:00 [INF] OPTIONS /api/v1/stories responded 204 in 0ms (user: anonymous)
2026-08-24 00:17:26.520 +04:00 [INF] OPTIONS /api/v1/favorites responded 204 in 0ms (user: anonymous)
2026-08-24 00:17:26.753 +04:00 [WRN] Compiling a query which loads related collections for more than one collection navigation, either via 'Include' or through projection, but no 'QuerySplittingBehavior' has been configured. By default, Entity Framework will use 'QuerySplittingBehavior.SingleQuery', which can potentially result in slow query performance. See https://go.microsoft.com/fwlink/?linkid=2134277 for more information. To identify the query that's triggering this warning call 'ConfigureWarnings(w => w.Throw(RelationalEventId.MultipleCollectionIncludeWarning))'.
2026-08-24 00:17:26.770 +04:00 [INF] GET /api/v1/favorites responded 200 in 218ms (user: anonymous)
2026-08-24 00:17:26.784 +04:00 [INF] GET /api/v1/favorites responded 200 in 11ms (user: anonymous)
2026-08-24 00:17:26.809 +04:00 [INF] GET /api/v1/stories responded 200 in 261ms (user: anonymous)
2026-08-24 00:17:26.810 +04:00 [INF] GET /api/v1/stories responded 200 in 1ms (user: anonymous)
2026-08-24 00:17:26.841 +04:00 [INF] GET /api/v1/profile responded 200 in 312ms (user: anonymous)
2026-08-24 00:17:26.855 +04:00 [INF] GET /api/v1/profile responded 200 in 11ms (user: anonymous)
2026-08-24 00:17:26.875 +04:00 [INF] GET /api/v1/profile responded 200 in 17ms (user: anonymous)
2026-08-24 00:17:26.895 +04:00 [INF] GET /api/v1/profile responded 200 in 18ms (user: anonymous)
2026-08-24 00:18:00.492 +04:00 [WRN] Entity 'Story' has a global query filter defined and is the required end of a relationship with the entity 'Chapter'. This may lead to unexpected results when the required entity is filtered out. Either configure the navigation as optional, or define matching query filters for both entities in the navigation. See https://go.microsoft.com/fwlink/?linkid=2131316 for more information.
2026-08-24 00:18:00.525 +04:00 [WRN] Entity 'Story' has a global query filter defined and is the required end of a relationship with the entity 'DailyStoryReadLog'. This may lead to unexpected results when the required entity is filtered out. Either configure the navigation as optional, or define matching query filters for both entities in the navigation. See https://go.microsoft.com/fwlink/?linkid=2131316 for more information.
2026-08-24 00:18:00.536 +04:00 [WRN] Entity 'Story' has a global query filter defined and is the required end of a relationship with the entity 'FavoriteStory'. This may lead to unexpected results when the required entity is filtered out. Either configure the navigation as optional, or define matching query filters for both entities in the navigation. See https://go.microsoft.com/fwlink/?linkid=2131316 for more information.
2026-08-24 00:18:00.546 +04:00 [WRN] Entity 'Story' has a global query filter defined and is the required end of a relationship with the entity 'QuizAttempt'. This may lead to unexpected results when the required entity is filtered out. Either configure the navigation as optional, or define matching query filters for both entities in the navigation. See https://go.microsoft.com/fwlink/?linkid=2131316 for more information.
2026-08-24 00:18:00.558 +04:00 [WRN] Entity 'Story' has a global query filter defined and is the required end of a relationship with the entity 'ReadingHistory'. This may lead to unexpected results when the required entity is filtered out. Either configure the navigation as optional, or define matching query filters for both entities in the navigation. See https://go.microsoft.com/fwlink/?linkid=2131316 for more information.
2026-08-24 00:18:00.562 +04:00 [WRN] Entity 'Story' has a global query filter defined and is the required end of a relationship with the entity 'RemainingCorrectCounter'. This may lead to unexpected results when the required entity is filtered out. Either configure the navigation as optional, or define matching query filters for both entities in the navigation. See https://go.microsoft.com/fwlink/?linkid=2131316 for more information.
2026-08-24 00:18:00.564 +04:00 [WRN] Entity 'Story' has a global query filter defined and is the required end of a relationship with the entity 'Review'. This may lead to unexpected results when the required entity is filtered out. Either configure the navigation as optional, or define matching query filters for both entities in the navigation. See https://go.microsoft.com/fwlink/?linkid=2131316 for more information.
2026-08-24 00:18:00.565 +04:00 [WRN] Entity 'Story' has a global query filter defined and is the required end of a relationship with the entity 'UserProgress'. This may lead to unexpected results when the required entity is filtered out. Either configure the navigation as optional, or define matching query filters for both entities in the navigation. See https://go.microsoft.com/fwlink/?linkid=2131316 for more information.
2026-08-24 00:18:01.208 +04:00 [INF] Database seeding completed successfully.
2026-08-24 00:18:01.618 +04:00 [INF] GET /swagger/index.html responded 200 in 36ms (user: anonymous)
2026-08-24 00:18:01.736 +04:00 [INF] GET /swagger/v1/swagger.json responded 200 in 17ms (user: anonymous)
2026-08-24 00:18:18.278 +04:00 [INF] OPTIONS /api/v1/favorites responded 204 in 5ms (user: anonymous)
2026-08-24 00:18:18.278 +04:00 [INF] OPTIONS /api/v1/favorites responded 204 in 5ms (user: anonymous)
2026-08-24 00:18:18.278 +04:00 [INF] OPTIONS /api/v1/story-categories responded 204 in 5ms (user: anonymous)
2026-08-24 00:18:18.278 +04:00 [INF] OPTIONS /api/v1/story-categories responded 204 in 5ms (user: anonymous)
2026-08-24 00:18:18.278 +04:00 [INF] OPTIONS /api/v1/profile responded 204 in 5ms (user: anonymous)
2026-08-24 00:18:18.278 +04:00 [INF] OPTIONS /api/v1/stories responded 204 in 5ms (user: anonymous)
2026-08-24 00:18:18.278 +04:00 [INF] OPTIONS /api/v1/profile responded 204 in 5ms (user: anonymous)
2026-08-24 00:18:18.278 +04:00 [INF] OPTIONS /api/v1/stories responded 204 in 5ms (user: anonymous)
2026-08-24 00:18:18.733 +04:00 [WRN] Compiling a query which loads related collections for more than one collection navigation, either via 'Include' or through projection, but no 'QuerySplittingBehavior' has been configured. By default, Entity Framework will use 'QuerySplittingBehavior.SingleQuery', which can potentially result in slow query performance. See https://go.microsoft.com/fwlink/?linkid=2134277 for more information. To identify the query that's triggering this warning call 'ConfigureWarnings(w => w.Throw(RelationalEventId.MultipleCollectionIncludeWarning))'.
2026-08-24 00:18:18.779 +04:00 [INF] GET /api/v1/favorites responded 200 in 478ms (user: anonymous)
2026-08-24 00:18:18.779 +04:00 [INF] GET /api/v1/story-categories responded 200 in 476ms (user: anonymous)
2026-08-24 00:18:18.785 +04:00 [INF] GET /api/v1/story-categories responded 200 in 4ms (user: anonymous)
2026-08-24 00:18:18.808 +04:00 [INF] GET /api/v1/stories responded 200 in 492ms (user: anonymous)
2026-08-24 00:18:18.813 +04:00 [INF] GET /api/v1/stories responded 200 in 5ms (user: anonymous)
2026-08-24 00:18:18.849 +04:00 [INF] GET /api/v1/favorites responded 200 in 68ms (user: anonymous)
2026-08-24 00:18:18.968 +04:00 [INF] GET /api/v1/profile responded 200 in 657ms (user: anonymous)
2026-08-24 00:18:18.994 +04:00 [INF] GET /api/v1/profile responded 200 in 20ms (user: anonymous)
2026-08-24 00:18:26.618 +04:00 [INF] OPTIONS /api/v1/favorites responded 204 in 0ms (user: anonymous)
2026-08-24 00:18:26.618 +04:00 [INF] OPTIONS /api/v1/stories/b8275688-23db-4b68-9789-e180dfb5ca8c responded 204 in 0ms (user: anonymous)
2026-08-24 00:18:26.618 +04:00 [INF] OPTIONS /api/v1/profile responded 204 in 0ms (user: anonymous)
2026-08-24 00:18:26.618 +04:00 [INF] OPTIONS /api/v1/profile responded 204 in 0ms (user: anonymous)
2026-08-24 00:18:26.618 +04:00 [INF] OPTIONS /api/v1/stories/b8275688-23db-4b68-9789-e180dfb5ca8c responded 204 in 0ms (user: anonymous)
2026-08-24 00:18:26.618 +04:00 [INF] OPTIONS /api/v1/favorites responded 204 in 0ms (user: anonymous)
2026-08-24 00:18:26.645 +04:00 [INF] GET /api/v1/favorites responded 200 in 13ms (user: anonymous)
2026-08-24 00:18:26.669 +04:00 [INF] GET /api/v1/profile responded 200 in 20ms (user: anonymous)
2026-08-24 00:18:26.679 +04:00 [INF] GET /api/v1/favorites responded 200 in 6ms (user: anonymous)
2026-08-24 00:18:26.693 +04:00 [INF] GET /api/v1/profile responded 200 in 20ms (user: anonymous)
2026-08-24 00:18:26.786 +04:00 [INF] GET /api/v1/stories/b8275688-23db-4b68-9789-e180dfb5ca8c responded 200 in 142ms (user: anonymous)
2026-08-24 00:18:26.798 +04:00 [INF] GET /api/v1/stories/b8275688-23db-4b68-9789-e180dfb5ca8c responded 200 in 8ms (user: anonymous)
2026-08-24 00:18:28.084 +04:00 [INF] GET /api/v1/favorites responded 200 in 6ms (user: anonymous)
2026-08-24 00:18:28.093 +04:00 [INF] GET /api/v1/stories/b8275688-23db-4b68-9789-e180dfb5ca8c responded 200 in 4ms (user: anonymous)
2026-08-24 00:18:28.084 +04:00 [INF] GET /api/v1/stories/b8275688-23db-4b68-9789-e180dfb5ca8c responded 200 in 6ms (user: anonymous)
2026-08-24 00:18:28.092 +04:00 [INF] GET /api/v1/favorites responded 200 in 3ms (user: anonymous)
2026-08-24 00:18:28.095 +04:00 [INF] GET /api/v1/profile responded 200 in 17ms (user: anonymous)
2026-08-24 00:18:28.108 +04:00 [INF] GET /api/v1/profile responded 200 in 10ms (user: anonymous)
2026-08-24 00:18:28.120 +04:00 [INF] GET /api/v1/profile responded 200 in 9ms (user: anonymous)
2026-08-24 00:18:28.120 +04:00 [INF] GET /api/v1/profile responded 200 in 10ms (user: anonymous)
2026-08-24 00:18:28.141 +04:00 [INF] OPTIONS /api/v1/progress responded 204 in 0ms (user: anonymous)
2026-08-24 00:18:28.150 +04:00 [INF] OPTIONS /api/v1/progress responded 204 in 0ms (user: anonymous)
2026-08-24 00:18:28.150 +04:00 [INF] OPTIONS /api/v1/progress responded 204 in 0ms (user: anonymous)
2026-08-24 00:18:28.316 +04:00 [INF] POST /api/v1/progress responded 200 in 153ms (user: anonymous)
2026-08-24 00:18:28.316 +04:00 [INF] POST /api/v1/progress responded 200 in 156ms (user: anonymous)
2026-08-24 00:18:28.316 +04:00 [INF] POST /api/v1/progress responded 200 in 158ms (user: anonymous)
2026-08-24 00:18:28.316 +04:00 [INF] POST /api/v1/progress responded 200 in 162ms (user: anonymous)
2026-08-24 00:18:28.334 +04:00 [INF] OPTIONS /api/v1/progress/reading-history responded 204 in 0ms (user: anonymous)
2026-08-24 00:18:28.347 +04:00 [INF] OPTIONS /api/v1/progress/reading-history responded 204 in 0ms (user: anonymous)
2026-08-24 00:18:28.350 +04:00 [INF] OPTIONS /api/v1/progress/reading-history responded 204 in 0ms (user: anonymous)
2026-08-24 00:18:28.354 +04:00 [INF] OPTIONS /api/v1/progress/reading-history responded 204 in 0ms (user: anonymous)
2026-08-24 00:18:28.441 +04:00 [INF] POST /api/v1/progress/reading-history responded 200 in 76ms (user: anonymous)
2026-08-24 00:18:28.441 +04:00 [INF] POST /api/v1/progress/reading-history responded 200 in 83ms (user: anonymous)
2026-08-24 00:18:28.441 +04:00 [INF] POST /api/v1/progress/reading-history responded 200 in 79ms (user: anonymous)
2026-08-24 00:18:28.441 +04:00 [INF] POST /api/v1/progress/reading-history responded 200 in 73ms (user: anonymous)
2026-08-24 00:18:28.455 +04:00 [INF] OPTIONS /api/v1/progress/streak responded 204 in 0ms (user: anonymous)
2026-08-24 00:18:28.460 +04:00 [INF] OPTIONS /api/v1/progress/streak responded 204 in 0ms (user: anonymous)
2026-08-24 00:18:28.466 +04:00 [INF] OPTIONS /api/v1/progress/streak responded 204 in 0ms (user: anonymous)
2026-08-24 00:18:28.468 +04:00 [INF] OPTIONS /api/v1/progress/streak responded 204 in 0ms (user: anonymous)
2026-08-24 00:18:28.510 +04:00 [INF] GET /api/v1/progress/streak responded 200 in 35ms (user: anonymous)
2026-08-24 00:18:28.519 +04:00 [INF] GET /api/v1/progress/streak responded 200 in 6ms (user: anonymous)
2026-08-24 00:18:28.529 +04:00 [INF] GET /api/v1/progress/streak responded 200 in 7ms (user: anonymous)
2026-08-24 00:18:28.529 +04:00 [INF] GET /api/v1/progress/streak responded 200 in 7ms (user: anonymous)
2026-08-24 00:18:29.633 +04:00 [INF] OPTIONS /api/v1/quizzes/story/b8275688-23db-4b68-9789-e180dfb5ca8c responded 204 in 0ms (user: anonymous)
2026-08-24 00:18:34.542 +04:00 [INF] GET /api/v1/quizzes/story/b8275688-23db-4b68-9789-e180dfb5ca8c responded 200 in 4896ms (user: anonymous)
2026-08-24 00:18:34.558 +04:00 [INF] OPTIONS /api/v1/profile responded 204 in 0ms (user: anonymous)
2026-08-24 00:18:34.586 +04:00 [INF] GET /api/v1/profile responded 200 in 11ms (user: anonymous)
2026-08-24 00:18:37.120 +04:00 [INF] OPTIONS /api/v1/profile responded 204 in 0ms (user: anonymous)
2026-08-24 00:18:37.120 +04:00 [INF] OPTIONS /api/v1/profile responded 204 in 0ms (user: anonymous)
2026-08-24 00:18:37.157 +04:00 [INF] PUT /api/v1/profile responded 200 in 28ms (user: anonymous)
2026-08-24 00:18:37.167 +04:00 [INF] PUT /api/v1/profile responded 200 in 8ms (user: anonymous)
2026-08-24 00:18:37.184 +04:00 [INF] GET /api/v1/profile responded 200 in 13ms (user: anonymous)
2026-08-24 00:18:37.200 +04:00 [INF] GET /api/v1/profile responded 200 in 14ms (user: anonymous)
2026-08-24 00:18:37.217 +04:00 [INF] GET /api/v1/profile responded 200 in 14ms (user: anonymous)
2026-08-24 00:18:37.234 +04:00 [INF] GET /api/v1/profile responded 200 in 13ms (user: anonymous)
2026-08-24 00:18:39.990 +04:00 [INF] PUT /api/v1/profile responded 200 in 7ms (user: anonymous)
2026-08-24 00:18:39.998 +04:00 [INF] PUT /api/v1/profile responded 200 in 6ms (user: anonymous)
2026-08-24 00:18:40.008 +04:00 [INF] GET /api/v1/profile responded 200 in 7ms (user: anonymous)
2026-08-24 00:18:40.020 +04:00 [INF] GET /api/v1/profile responded 200 in 10ms (user: anonymous)
2026-08-24 00:18:40.033 +04:00 [INF] GET /api/v1/profile responded 200 in 10ms (user: anonymous)
2026-08-24 00:18:40.043 +04:00 [INF] GET /api/v1/profile responded 200 in 8ms (user: anonymous)
2026-08-24 00:18:42.644 +04:00 [INF] OPTIONS /api/v1/profile responded 204 in 0ms (user: anonymous)
2026-08-24 00:18:42.644 +04:00 [INF] OPTIONS /api/v1/profile responded 204 in 0ms (user: anonymous)
2026-08-24 00:18:42.668 +04:00 [INF] PUT /api/v1/profile responded 200 in 10ms (user: anonymous)
2026-08-24 00:18:42.678 +04:00 [INF] PUT /api/v1/profile responded 200 in 7ms (user: anonymous)
2026-08-24 00:18:42.692 +04:00 [INF] GET /api/v1/profile responded 200 in 10ms (user: anonymous)
2026-08-24 00:18:42.705 +04:00 [INF] GET /api/v1/profile responded 200 in 8ms (user: anonymous)
2026-08-24 00:18:42.724 +04:00 [INF] GET /api/v1/profile responded 200 in 10ms (user: anonymous)
2026-08-24 00:18:42.740 +04:00 [INF] GET /api/v1/profile responded 200 in 10ms (user: anonymous)
2026-08-24 00:18:45.209 +04:00 [INF] PUT /api/v1/profile responded 200 in 6ms (user: anonymous)
2026-08-24 00:18:45.215 +04:00 [INF] PUT /api/v1/profile responded 200 in 3ms (user: anonymous)
2026-08-24 00:18:45.224 +04:00 [INF] GET /api/v1/profile responded 200 in 8ms (user: anonymous)
2026-08-24 00:18:45.239 +04:00 [INF] GET /api/v1/profile responded 200 in 12ms (user: anonymous)
2026-08-24 00:18:45.256 +04:00 [INF] GET /api/v1/profile responded 200 in 11ms (user: anonymous)
2026-08-24 00:18:45.272 +04:00 [INF] GET /api/v1/profile responded 200 in 13ms (user: anonymous)
2026-08-24 00:18:49.052 +04:00 [INF] OPTIONS /api/v1/profile responded 204 in 0ms (user: anonymous)
2026-08-24 00:18:49.052 +04:00 [INF] OPTIONS /api/v1/profile responded 204 in 0ms (user: anonymous)
2026-08-24 00:18:49.066 +04:00 [INF] PUT /api/v1/profile responded 200 in 6ms (user: anonymous)
2026-08-24 00:18:49.075 +04:00 [INF] PUT /api/v1/profile responded 200 in 6ms (user: anonymous)
2026-08-24 00:18:49.095 +04:00 [INF] GET /api/v1/profile responded 200 in 10ms (user: anonymous)
2026-08-24 00:18:49.108 +04:00 [INF] GET /api/v1/profile responded 200 in 9ms (user: anonymous)
2026-08-24 00:18:49.121 +04:00 [INF] GET /api/v1/profile responded 200 in 11ms (user: anonymous)
2026-08-24 00:18:49.133 +04:00 [INF] GET /api/v1/profile responded 200 in 9ms (user: anonymous)
2026-08-24 00:18:50.216 +04:00 [INF] OPTIONS /api/v1/quizzes/record-result responded 204 in 0ms (user: anonymous)
2026-08-24 00:18:50.282 +04:00 [INF] POST /api/v1/quizzes/record-result responded 200 in 57ms (user: anonymous)
2026-08-24 00:19:18.258 +04:00 [INF] OPTIONS /api/v1/progress responded 204 in 0ms (user: anonymous)
2026-08-24 00:19:18.272 +04:00 [INF] POST /api/v1/progress responded 200 in 9ms (user: anonymous)
2026-08-24 00:19:18.281 +04:00 [INF] OPTIONS /api/v1/progress/streak responded 204 in 0ms (user: anonymous)
2026-08-24 00:19:18.296 +04:00 [INF] GET /api/v1/progress/streak responded 200 in 4ms (user: anonymous)
2026-08-24 00:19:19.402 +04:00 [INF] OPTIONS /api/v1/profile responded 204 in 0ms (user: anonymous)
2026-08-24 00:19:19.402 +04:00 [INF] OPTIONS /api/v1/profile responded 204 in 0ms (user: anonymous)
2026-08-24 00:19:19.402 +04:00 [INF] OPTIONS /api/v1/stories responded 204 in 0ms (user: anonymous)
2026-08-24 00:19:19.403 +04:00 [INF] OPTIONS /api/v1/favorites responded 204 in 0ms (user: anonymous)
2026-08-24 00:19:19.404 +04:00 [INF] OPTIONS /api/v1/profile responded 204 in 0ms (user: anonymous)
2026-08-24 00:19:19.404 +04:00 [INF] OPTIONS /api/v1/profile responded 204 in 0ms (user: anonymous)
2026-08-24 00:19:19.404 +04:00 [INF] OPTIONS /api/v1/stories responded 204 in 0ms (user: anonymous)
2026-08-24 00:19:19.405 +04:00 [INF] OPTIONS /api/v1/favorites responded 204 in 0ms (user: anonymous)
2026-08-24 00:19:19.421 +04:00 [INF] GET /api/v1/profile responded 200 in 13ms (user: anonymous)
2026-08-24 00:19:19.428 +04:00 [INF] GET /api/v1/stories responded 200 in 2ms (user: anonymous)
2026-08-24 00:19:19.436 +04:00 [INF] GET /api/v1/profile responded 200 in 11ms (user: anonymous)
2026-08-24 00:19:19.438 +04:00 [INF] GET /api/v1/favorites responded 200 in 2ms (user: anonymous)
2026-08-24 00:19:19.449 +04:00 [INF] GET /api/v1/profile responded 200 in 7ms (user: anonymous)
2026-08-24 00:19:19.456 +04:00 [INF] GET /api/v1/stories responded 200 in 1ms (user: anonymous)
2026-08-24 00:19:19.460 +04:00 [INF] GET /api/v1/profile responded 200 in 9ms (user: anonymous)
2026-08-24 00:19:19.461 +04:00 [INF] GET /api/v1/favorites responded 200 in 2ms (user: anonymous)
